# serializer version: 1
# name: test_html_to_description[01b4cdda41.html]
  '''
  <div>
   <p>
    <a href="https://tidyfirst.substack.com/p/the-pleasure-of-pattern">
     <strong>
      The Pleasure Of Pattern
     </strong>
    </a>
   </p>
   <p>
    — Kent Beck
   </p>
   <p>
    <br/>
   </p>
   <p>
    <strong>
     tl;dr
    </strong>
    : For over 20 years, Kent has asked why are so many programmers musicians? He’s finally able to answer this: “talent for music and programming occur together because accomplishment in each relies on enjoying seeing patterns. See a pattern, feel good, look for more patterns.” He believes his chaotic early life left him with a brain wired to crave moments of order... and the innate ability to see patterns led him to activities where he got frequent mental rewards, and this is what drives his desire to program.
   </p>
   <p>
    <br/>
   </p>
   <p>
    <em>
    </em>
    <a href="http://www.pointer.io/tags/career-advice">
     <em>
      CareerAdvice
     </em>
    </a>
   </p>
  </div>
  <div>
   <p>
    <a href="https://review.firstround.com/25-questions-for-reference-calls">
     <strong>
      Add More Rigor To Your Reference Calls With These 25 Questions
     </strong>
    </a>
   </p>
   <p>
    <br/>
   </p>
   <p>
    <strong>
     tl;dr
    </strong>
    : 25 questions including: (1) How does this person compare to the best you’ve ever seen in the role? (2) On a scale of 1 - 100, how would you rank this person? (3) On a scale of 1-10, how do you rate XYZ on specific trait or ability? (4) Can you tell me about a project that would have failed without the candidate? (5) What haven’t I asked that, if you were me, you would want to know about this person?
   </p>
   <p>
    <br/>
   </p>
   <p>
    <em>
    </em>
    <a href="http://www.pointer.io/tags/management">
     <em>
      Management
     </em>
    </a>
    <em>
    </em>
    <a href="http://www.pointer.io/tags/hiring">
     <em>
      Hiring
     </em>
    </a>
   </p>
  </div>
  <div>
   <p>
    <a href="https://world.hey.com/dhh/the-compounding-seeds-of-creativity-e7e212c0">
     <strong>
      The Compounding Seeds Of Creativity
     </strong>
    </a>
   </p>
   <p>
    — David Heinemeier Hansson
   </p>
   <p>
    <br/>
    <strong>
     tl;dr
    </strong>
    : “Early on in my career, I learned a very important lesson about creativity: It can’t be saved for later. Creativity is perishable, just like inspiration. It has to be discharged regularly or it will spoil. And if you let enough of it go to waste, eventually your talents will sour and shrivel with it.” David discusses how the best folks are able to find creativity in the mundane parts of their jobs, and that is what separates them.
   </p>
   <p>
    <br/>
   </p>
   <p>
    <em>
    </em>
    <a href="http://www.pointer.io/tags/career-advice">
     <em>
      CareerAdvice
     </em>
    </a>
   </p>
  </div>
  <div>
   <p>
    <em>
     <strong>
      “Creativity is intelligence having fun.”
     </strong>
    </em>
   </p>
   <p>
    <br/>
   </p>
   <p>
    <strong>
     – Albert Einstein
    </strong>
   </p>
  </div>
  <div>
   <p>
    <a href="https://newsletter.systemdesign.one/p/hotstar-architecture">
     <strong>
      How Disney+ Hotstar Delivered 5 Billion Emojis in Real Time
     </strong>
    </a>
   </p>
   <p>
    — Neo Kim
   </p>
   <p>
    <br/>
   </p>
   <p>
    <strong>
     tl;dr
    </strong>
    : This post outlines how Disney+ Hotstar delivered billions of emojis in real-time during the cricket World Cup in India to create a more engaging live experience. The post described how emojis were received from clients, processed and delivered at scale.
   </p>
   <p>
    <br/>
   </p>
   <p>
    <a href="http://www.pointer.io/tags/scale">
     <em>
      Scale
     </em>
    </a>
    <em>
    </em>
    <a href="http://www.pointer.io/tags/architecture">
     <em>
      Architecture
     </em>
    </a>
   </p>
  </div>
  <div>
   <p>
    <a href="https://www.allthingsdistributed.com/2024/02/reading-list-since-reinvent.html">
     <strong>
      What I've Been Reading Since re:Invent
     </strong>
    </a>
   </p>
   <p>
    — Werner Vogels
   </p>
   <p>
    <br/>
    <strong>
     tl;dr
    </strong>
    : From the CTO at Amazon... “In the weeks that follow re:Invent, I try to make time to work through the ever-growing pile of books accumulating on my nightstand and throughout my office. It’s a losing battle. Then again, when was it ever worth doing something easy?” Werner provides a list of engineering and non-engineering content he recommends.
   </p>
   <p>
    <br/>
   </p>
   <p>
    <a href="http://www.pointer.io/tags/book-recommendation">
     <em>
      BookRecommendation
     </em>
    </a>
   </p>
  </div>
  <div>
   <p>
    <a href="https://blog.gitbutler.com/git-tips-and-tricks/">
     <strong>
      Git Tips And Tricks
     </strong>
    </a>
   </p>
   <p>
    — Scott Chacon
   </p>
   <p>
    <br/>
    <strong>
     tl;dr
    </strong>
    : “I’m going to write 3 short articles on some interesting Git things for intermediate to advanced Git users that you may not know, either because they just never came up or because they're pretty new and you've been using Git the same way for years. The topics are: (1) Oldies but goodies. (2) Some subtle new things. (3) Really large repositories and monorepos.”
   </p>
   <p>
    <br/>
   </p>
   <p>
    <a href="http://www.pointer.io/tags/git">
     <em>
      Git
     </em>
    </a>
   </p>
  </div>
  <div>
   <p>
    <a href="https://martinfowler.com/articles/engineering-practices-llm.html">
     <strong>
      Engineering Practices For LLM Application Development
     </strong>
    </a>
   </p>
   <p>
    — David Tan, Jesse Wang
   </p>
   <p>
    <br/>
    <strong>
     tl;dr
    </strong>
    : “LLM engineering involves much more than just prompt design or prompt engineering. In this article, we share a set of engineering practices that helped us deliver a prototype LLM application rapidly and reliably in a recent project. We'll share techniques for automated testing and adversarial testing of LLM applications, refactoring, as well as considerations for architecting LLM applications and responsible AI.”
   </p>
   <p>
    <a href="http://www.pointer.io/tags/llm">
     <em>
      LLM
     </em>
    </a>
   </p>
  </div>
  <div>
   <p>
    <strong>
     Notable Links
    </strong>
   </p>
  </div>
  <div>
   <p>
    <br/>
   </p>
   <p>
    <a href="https://github.com/conductor-oss/conductor">
     <strong>
      Conductor
     </strong>
    </a>
    <strong>
     :
    </strong>
    Microservices orchestration engine.
   </p>
   <p>
    <br/>
   </p>
   <p>
    <a href="https://github.com/apple/pkl">
     <strong>
      Pkl
     </strong>
    </a>
    <strong>
     :
    </strong>
    Configuration as code language.
   </p>
   <p>
    <br/>
   </p>
   <p>
    <a href="https://github.com/reorproject/reor">
     <strong>
      Reor
     </strong>
    </a>
    <strong>
     :
    </strong>
    AI-powered desktop note-taking app.
   </p>
   <p>
    <br/>
   </p>
   <p>
    <a href="https://github.com/servo/servo">
     <strong>
      Servo
     </strong>
    </a>
    <strong>
     :
    </strong>
    Web rendering engine written in Rust.
   </p>
   <p>
    <br/>
   </p>
   <p>
    <a href="https://github.com/StractOrg/stract">
     <strong>
      Stract
     </strong>
    </a>
    <strong>
     :
    </strong>
    OS web search engine.
   </p>
   <p>
    <br/>
   </p>
  </div>
  
  '''
# ---
# name: test_html_to_description[ee9c973edf.html]
  '''
  <div>
   <a href="https://overreacted.io/goodbye-clean-code/">
    <strong>
     Goodbye, Clean Code
    </strong>
   </a>
  </div>
  <div>
   <div>
    - Dan Abramov
   </div>
   <div>
    <em>
     #CareerAdvice #PracticalTips
    </em>
   </div>
   <div>
    <strong>
     tl;dr
    </strong>
    : Developers strive for cleaner code. There's an inflection point when a developer starts writing code in abstraction, this feels like a "super power." Dan learnt this comes with its own trade-offs. "Clean code is not a goal."
   </div>
  </div>
  <div>
   <a href="https://www.alexhudson.com/2020/01/13/the-no-code-delusion/">
    <strong>
     The "No Code" Delusion
    </strong>
   </a>
  </div>
  <div>
   <div>
    - Alex Hudson
   </div>
   <div>
    <em>
     #ThoughtPiece #IndustryTrend
    </em>
   </div>
   <div>
    <strong>
     tl;dr
    </strong>
    : Alex considers the "no code" discussions a "pipe dream," not seeing any tangible evidence. Certain tools have replaced software e.g. Zapier. With software, the "devil is in the details" and that cannot be replicated.
   </div>
  </div>
  <div>
   <a href="https://avc.com/2020/01/the-crucible-of-leadership/">
    <strong>
     The Crucible Of Leadership
    </strong>
   </a>
  </div>
  <div>
   <div>
    - Jerry Colonna
   </div>
   <div>
    <em>
     #Management #Leadership
    </em>
   </div>
   <div>
    <strong>
     tl;dr
    </strong>
    : Leaders are often created through a "rite of passage," a moment coined the crucible. "The magic, the alchemy, occurs when what we do mixes with who we are and is cooked by the heat of what we believe." Unpacking that, knowing who you are is critical to leadership.
   </div>
  </div>
  <div>
   <a href="https://mkaz.blog/misc/notes-on-technical-writing/">
    <strong>
     Notes On Technical Writing
    </strong>
   </a>
   <br/>
   - Marcus Kazmierczak
  </div>
  <div>
   <div>
    <em>
     #Documentation #PracticalTips
    </em>
   </div>
   <div>
    <strong>
     tl;dr
    </strong>
    : Marcus frequently writes documentation for Wordpress. Here, he guides us through some of his learnings, including the concept of Minimalist Instruction.
   </div>
  </div>
  <div>
   <a href="https://medium.com/@ssg/how-is-computer-programming-different-today-than-20-years-ago-9d0154d1b6ce">
    <strong>
     How Is Computer Programming Different Today Than 20 Years Ago?
    </strong>
   </a>
  </div>
  <div>
   <div>
    - Sedat Kapanoglu
   </div>
   <div>
    <em>
     #IndustryTrend
    </em>
   </div>
   <div>
    <strong>
     tl;dr
    </strong>
    : A laundry list of changes seen by Sedat, including this - "being a software development team now involves all team members performing a mysterious ritual of standing up together for 15 minutes in the morning and drawing occult symbols with post-its."
    <br/>
    <br/>
    You can bypass the paywall by clicking the
    <a href="https://twitter.com/esesci/status/1215093488884125697">
     link in this tweet.
    </a>
   </div>
  </div>
  <div>
   <a href="https://ovid.github.io/articles/database-design-standards.html">
    <strong>
     Database Design Standards
    </strong>
   </a>
  </div>
  <div>
   <div>
    - Curtis Poe
   </div>
   <div>
    <em>
     #Database #Guides #PracticalTips
    </em>
   </div>
   <div>
    <strong>
     tl;dr
    </strong>
    : Curtis runs through some tips on database design - whether to go with camel case names or underscore_names, plural or singular tables, column naming, and more.
   </div>
  </div>
  <div>
   <strong>
    "Before software can be reusable,
    <br/>
    it first has to be usable."
   </strong>
   <br/>
  </div>
  <div>
   <strong>
    – Ralph Johnson
   </strong>
  </div>
  <div>
   <a href="https://medium.com/@rinaarts/radical-candor-software-edition-d4b5ad401be3">
    <strong>
     Radical Candor: Software Edition
    </strong>
   </a>
  </div>
  <div>
   <div>
    - Rina Artstain
   </div>
   <div>
    <em>
     #Management #CodeReview
    </em>
   </div>
   <div>
    <strong>
     tl;dr
    </strong>
    : A management style of communication that's "kind and clear, specific and sincere" is applied to both design and code reviews here.
    <br/>
    <br/>
    You can bypass the paywall by clicking the
    <a href="https://twitter.com/rinaarts/status/1214297533146652672">
     link in this tweet
    </a>
    .
   </div>
  </div>
  <div>
   <a href="https://blog.chromium.org/2020/01/building-more-private-web-path-towards.html">
    <strong>
     Building A More Private Web: A Path Towards Making Third Party Cookies Obsolete
    </strong>
   </a>
  </div>
  <div>
   <div>
    - Justin Schuh
   </div>
   <div>
    <em>
     #Chrome #Cookies
    </em>
   </div>
   <div>
    <strong>
     tl;dr
    </strong>
    : Within 2 years, Chrome plans to phase out 3rd party cookies and maintain a healthy ad-supported web, using open-standard mechanisms like the Privacy Sandbox.
   </div>
  </div>
  <div>
   <a href="https://codahale.com/work-is-work/">
    <strong>
     Work Is Work
    </strong>
   </a>
  </div>
  <div>
   <div>
    - Coda Hale
   </div>
   <div>
    <em>
     #OrganizationalDesign #ManagementProcess #Scaling
    </em>
   </div>
   <div>
    <strong>
     tl;dr
    </strong>
    : Org design is fetishized by corporate America always looking for some hack. There isn't one. Organizations are imperfect and, at very best, scale linearly. Despite that, there are tips on how to design a scaling organization here.
   </div>
  </div>
  <div>
   <a href="https://m.signalvnoise.com/aws-s3-youre-out-of-order/">
    <strong>
     AWS S3: You’re Out Of Order
    </strong>
   </a>
  </div>
  <div>
   <div>
    - John Williams
   </div>
   <div>
    <em>
     #AWS #Packets
    </em>
   </div>
   <div>
    <strong>
     tl;dr
    </strong>
    : Seeing delays in large uploads to AWS, John discovered thousands of out-of-order packets causing retransmissions. When told this, AWS said that “out-of-order packets are not a bug." He discusses how the issue was fixed.
   </div>
  </div>
  <div>
   <a href="https://gregoryszorc.com/blog/2020/01/13/mercurial's-journey-to-and-reflections-on-python-3/">
    <strong>
     Mercurial's Journey To And Reflections On Python 3
    </strong>
   </a>
  </div>
  <div>
   <div>
    - Gregory Szorc
   </div>
   <div>
    <em>
     #Python
    </em>
   </div>
   <div>
    <strong>
     tl;dr
    </strong>
    : Divided into two parts, the first are the objective steps taken to migrate to Python 3. The second is the authors opinions. "For Mercurial, Python 3 introduces a ton of problems and doesn't really solve many."
   </div>
  </div>
  <div>
   <a href="https://blog.logrocket.com/is-typescript-worth-it/">
    <strong>
     Is TypeScript Worth It?
    </strong>
   </a>
   <br/>
   - Paul Cowan
  </div>
  <div>
   <div>
    <em>
     #TypeScript
    </em>
   </div>
   <div>
    <strong>
     tl;dr
    </strong>
    : "TypeScript offers above basic type checking, but soundness and runtime type checking are not goals, and this leaves TypeScript in an unfortunate halfway house with one foot in a better world and one where we currently are."
   </div>
  </div>
  
  '''
# ---
# name: test_html_to_description[post_37528c1f-7f9d-43b2-aff4-989d860adb3f.html]
  '''
  <h1>
   <a href="https://randsinrepose.com/archives/managing-up/">
    Managing Up
   </a>
  </h1>
  <p>
   — Michael Lopp
  </p>
  <p>
   <b>
    tl;dr
   </b>
   : “In this piece, I will explain the projects, people, and political developments you always want to share - no matter what. While I will strive to make this complete, there is one type of development you must always report.”
  </p>
  <h6>
   <i>
    Management Communication ManagingUp
   </i>
  </h6>
  <h1>
   <a href="https://luminousmen.substack.com/p/be-the-idiot">
    Be The Idiot
   </a>
  </h1>
  <p>
   — Kirill Bobrov
  </p>
  <p>
   <b>
    tl;dr
   </b>
   : “I’ve developed a mental checklist of “stupid” questions that have saved me more times than I can count.” The author shares some of these with the understanding that most engineering failures happen because someone was afraid to look stupid.
  </p>
  <h6>
   <i>
    Communication CareerGrowth
   </i>
  </h6>
  <h1>
   <a href="https://kimmalonescott.medium.com/fun-feedback-exercises-activities-to-do-with-your-team-67faacccb77c">
    Fun Feedback Exercises &amp; Activities To Do With Your Team
   </a>
  </h1>
  <p>
   — Kim Scott
  </p>
  <p>
   <b>
    tl;dr
   </b>
   : “Engaging your team with fun feedback exercises can help create a culture of open communication and continuous improvement. Here are a few ideas you might find helpful.”
  </p>
  <h6>
   <i>
    Management Guide Feedback
   </i>
  </h6>
  <p>
   “If you hear a voice within you say, ‘You cannot paint,’ then by all means paint and that voice will be silenced.”
  </p>
  — Vincent Van Gogh
  <h1>
   <a href="https://jordanlord.co.uk/blog/3-constraints/">
    3 Constraints Before I Build Anything
   </a>
  </h1>
  <p>
   — Jordan Lord
  </p>
  <p>
   <b>
    tl;dr
   </b>
   : “I’ve been a builder for 10 years, and I've built products that went nowhere because they were either too complex or had no identity. These are the constraints that I landed on after making those mistakes.”
   <i>
   </i>
  </p>
  <h6>
   <i>
    AI Guide BestPractices
   </i>
  </h6>
  <h1>
   <a href="https://makemeacto.substack.com/p/how-to-run-a-technical-due-diligence">
    How to Run a Technical Due Diligence?
   </a>
  </h1>
  <p>
   — Sergio Visinoni
  </p>
  <p>
   <b>
    tl;dr
   </b>
   : A walkthrough of running a technical due diligence during M&amp;A. Covers what the data room actually is, the four types of deals - brand acquisition, independent operation, full integration, acqui-hire - and what to prioritize in each - from security and compliance to talent assessment to data portability.
  </p>
  <h6>
   <i>
    Leadership Guide Business
   </i>
  </h6>
  <h1>
   <a href="https://philpearl.github.io/post/swissing_a_table/">
    Swissing A Table
   </a>
  </h1>
  <p>
   — Philip Pearl
  </p>
  <p>
   <b>
    tl;dr
   </b>
   : “This year I chose to investigate “Swiss tables”, the new hash table idea behind recent improvements to Go’s maps. Why am I interested in this? I’ve written a number of specialist hash tables, and I wondered if these approaches would lead to any performance improvements.”
  </p>
  <h6>
   <i>
    DeepDive Performance
   </i>
  </h6>
  <h1>
   <a href="https://blog.cloudflare.com/internal-ai-engineering-stack/">
    The AI Engineering Stack We Built Internally - On The Platform We Ship
   </a>
  </h1>
  <p>
   — Rajesh Bhatia, Scott Roe-Meschke, Ayush Thakur
  </p>
  <p>
   <b>
    tl;dr
   </b>
   : “Eleven months ago, we undertook a major project: to truly integrate AI into our engineering stack. We needed to build the internal MCP servers, access layer, and AI tooling necessary for agents to be useful at Cloudflare. We pulled together engineers from across the company to form a tiger team called iMARS (Internal MCP Agent/Server Rollout Squad). The sustained work landed with the Dev Productivity team, who also own much of our internal tooling including CI/CD, build systems, and automation.”
  </p>
  <h6>
   <i>
    AI Infrastructure CaseStudy
   </i>
  </h6>
  <h1>
   Notable Links
  </h1>
  <p>
   <b>
    <a href="https://github.com/getagentseal/codeburn">
     CodeBurn
    </a>
   </b>
   : Track token usage, cost, and performance.
  </p>
  <p>
   <b>
    <a href="https://github.com/withastro/flue">
     Flue
    </a>
   </b>
   : Agent harness framework.
  </p>
  <p>
   <b>
    <a href="https://github.com/sjjian/openhare">
     Openhare
    </a>
   </b>
   : AI-powered, cross-platform desktop SQL client.
  </p>
  <p>
   <b>
    <a href="https://github.com/agent0ai/space-agent">
     Space Agent
    </a>
   </b>
   : OS agent that builds your space in the browser.
  </p>
  <p>
   <b>
    <a href="https://github.com/superplanehq/superplane">
     SuperPlane
    </a>
   </b>
   : OS control plane for platform engineering.
  </p>
  
  '''
# ---
# name: test_html_to_description[post_aa76678f-b955-4a29-927e-388a5e3410d4.html]
  '''
  <h1>
   <a href="https://addyo.substack.com/p/14-more-lessons-from-14-years-at">
    14 More Lessons From 14 Years At Google
   </a>
  </h1>
  <p>
   — Addy Osmani
  </p>
  <p>
   <b>
    tl;dr
   </b>
   : “Some of the hardest lessons I’ve learned aren’t about how you work. They’re about how teams work: how decisions actually get made, where coordination breaks down, what separates the groups that ship from the ones that spin. These lessons pick up where the first left off. They’re less about being a better individual engineer and more about the systems around the engineering.”
  </p>
  <h6>
   <i>
    CareerAdvice
   </i>
  </h6>
  <h1>
   <a href="https://read.perspectiveship.com/p/planning-laws">
    Work Expands. Time Vanishes. Here's Why.
   </a>
  </h1>
  <p>
   — Michał Poczwardowski
  </p>
  <p>
   <b>
    tl;dr
   </b>
   : “I’ve witnessed teams hiding real deadlines from each other. Afraid that if developers knew the real date, work would expand to fill it (Parkinson), while still taking longer than expected (Hofstadter). Some teams added multipliers to estimates, turning a 3-day estimate into 6 days automatically. This blurred what was being estimated in the first place.”
  </p>
  <h6>
   <i>
    Leadership Management
   </i>
  </h6>
  <h1>
   <a href="https://terriblesoftware.org/2026/02/02/why-am-i-doing-the-thinking-for-you/">
    Why Am I Doing The Thinking For You?
   </a>
  </h1>
  <p>
   — Matheus Lima
  </p>
  <p>
   <b>
    tl;dr
   </b>
   : “That sounds harsh, but it’s true. When you ask someone “what do you think?” without sharing what you think, you’re not collaborating, but more like outsourcing? You’re taking all the work you should have done (reading and understanding the doc, weighing the trade-offs, forming an opinion) and dumping it on someone else’s lap. It looks like a question, but it’s more like a task assignment.”
  </p>
  <h6>
   <i>
    CareerAdvice
   </i>
  </h6>
  <p>
   <i>
    “Life shrinks or expands in proportion to one’s courage.”
   </i>
  </p>
  – Anais Nin
  <h1>
   <a href="https://matklad.github.io/2026/02/11/programming-aphorisms.html">
    Programming Aphorisms
   </a>
  </h1>
  <p>
   — Alex Kladov
  </p>
  <p>
   <b>
    tl;dr
   </b>
   : “A meta programming post - looking at my thought process when coding and trying to pin down what is programming “knowledge”. Turns out, a significant fraction of that is just reducing new problems to a vocabulary of known tricks. This is a personal, descriptive post, not a prescriptive post for you.”
  </p>
  <h6>
   <i>
    ThoughtPiece
   </i>
  </h6>
  <h1>
   <a href="https://lukasniessen.medium.com/how-to-make-architecture-decisions-rfcs-adrs-and-getting-everyone-aligned-ab82e5384d2f">
    How to Make Architecture Decisions: RFCs, ADRs, and Getting Everyone Aligned
   </a>
  </h1>
  <p>
   — Lukas Niessen
  </p>
  <p>
   <b>
    tl;dr
   </b>
   : “The thing is, architecture decisions are different from regular code decisions. They’re harder to reverse, they affect more people, and they often involve trade-offs that aren’t purely technical. You need buy-in. You need the right people in the room. And you need a process that doesn’t turn into endless meetings or bikeshedding. Here’s the approach I’ve found works well, both in my consulting work and in teams I’ve led.”
  </p>
  <h6>
   <i>
    Architecture
   </i>
  </h6>
  <h1>
   <a href="https://martinalderson.com/posts/two-kinds-of-ai-users-are-emerging/">
    Two Kinds Of AI Users Are Emerging. The Gap Between Them Is Astonishing.
   </a>
  </h1>
  <p>
   — Martin Alderson
  </p>
  <p>
   <b>
    tl;dr
   </b>
   : “It still shocks me how much difference there is between AI users. I think it explains a lot about the often confusing (to me) coverage in the media about AI and its productivity impact. I think it's clear there are two types of users to me now, and by extension, the organisations they work for.”
  </p>
  <h6>
   <i>
    Management Leadership AI
   </i>
  </h6>
  <h1>
   <a href="https://ntietz.com/blog/using-an-engineering-notebook/">
    Using An Engineering Notebook
   </a>
  </h1>
  <p>
   — Nicole Tietz-Sokolskaya
  </p>
  <p>
   <b>
    tl;dr
   </b>
   : “One of my core software engineering practices is writing, by hand, in a physical notebook. It's one of the most important things I do to remain productive and effective. Maybe the single most important. And it's a practice that I see very few others using!”
  </p>
  <h6>
   <i>
    CareerAdvice
   </i>
  </h6>
  <h2>
   Null Pointer
  </h2>
  <img src="https://media.beehiiv.com/cdn-cgi/image/fit=scale-down,format=auto,onerror=redirect,quality=80/uploads/asset/file/92d5338d-8048-44c4-8b17-a61e7248dd5f/37_uber-legacy.png?t=1770919976"/>
  <p>
   Uber-legacy
  </p>
  <p>
   Hand-drawn by
   <a href="https://ma.nu/graphics/">
    Manu
   </a>
  </p>
  <h2>
   Notable Links
  </h2>
  <p>
   <b>
    <a href="https://github.com/homarr-labs/homarr">
     Homarr
    </a>
   </b>
   :
   <b>
   </b>
   Modern and easy to use dashboard.
  </p>
  <p>
   <b>
    <a href="https://github.com/github/gh-aw">
     Gh-aw
    </a>
   </b>
   :
   <b>
   </b>
   GitHub agentic workflows.
  </p>
  <p>
   <b>
    <a href="https://github.com/google/langextract">
     LangExtract
    </a>
   </b>
   :
   <b>
   </b>
   Structured information from unstructured text.
  </p>
  <p>
   <b>
    <a href="https://github.com/tobi/qmd">
     QMD
    </a>
   </b>
   :
   <b>
   </b>
   CLI search engine for your docs.
  </p>
  <p>
   <b>
    <a href="https://github.com/swark-io/swark">
     Swark
    </a>
   </b>
   :
   <b>
   </b>
   Create architecture diagrams from code automatically using LLMs.
  </p>
  <br/>
  
  '''
# ---
