# serializer version: 1
# name: test_html_to_description[01b4cdda41.html]
  '''
  None
  
  '''
# ---
# name: test_html_to_description[ee9c973edf.html]
  '''
  None
  
  '''
# ---
# name: test_html_to_description[post_37528c1f-7f9d-43b2-aff4-989d860adb3f.html]
  '''
  <tr id="content-blocks">
   <td align="center" class="email-card-body" style="padding-bottom:px;" valign="top">
    <table align="center" border="0" cellpadding="0" cellspacing="0" role="none" width="100%">
     <tr>
      <td align="center" class="dd" style="padding:0px 10px;text-align:center;word-break:break-word;">
       <p style="mso-line-height-alt:150.0%;">
        Tuesday 5th May’s issue is presented by Atono
       </p>
      </td>
     </tr>
     <tr>
      <td align="center" class="dd" style="padding-bottom:10px;padding-left:10px;padding-right:10px;padding-top:10px; " valign="top">
       <table border="0" cellpadding="0" cellspacing="0" role="none" style="margin:0 auto 0 auto;">
        <tr>
         <td align="center" style="width:455px;" valign="top">
          <a href="https://atono.io/lp/context-gap-report?utm_campaign=274400984-2026%20%E2%80%93%20Asset%20%E2%80%93%20Context%20Gap%20Industry%20Report&amp;utm_source=pointer_io_newsletter&amp;utm_medium=sponsored_ad&amp;utm_content=context_gap_report&amp;aid=recTESLn3iI6Hr7sT&amp;_bhlid=561c9a139950a220f0567060f37e1fa46c8d9a64" rel="noopener noreferrer nofollow" style="text-decoration:none;" target="_blank">
           <img alt="" border="0" height="auto" src="https://media.beehiiv.com/cdn-cgi/image/fit=scale-down,format=auto,onerror=redirect,quality=80/uploads/asset/file/43b4116c-3f03-43e4-bd35-e3649f56b9ce/unnamed.png?t=1777923440" style="display:block;width:100%;border-radius:0px 0px 0px 0px;border-style:solid;border-width:0px 0px 0px 0px;box-sizing:border-box;border-color:#E5E7EB;" width="455"/>
          </a>
         </td>
        </tr>
       </table>
      </td>
     </tr>
     <tr>
      <td align="left" class="dd" id="what-350-engineers-revealed-about-a" style="color:#000000;font-weight:Bold;padding:0px 10px;text-align:left;" valign="top">
       <h2 style="color:#000000;font-weight:Bold;mso-line-height-alt:150.0%;">
        <a class="link" href="https://atono.io/lp/context-gap-report?utm_campaign=274400984-2026%20%E2%80%93%20Asset%20%E2%80%93%20Context%20Gap%20Industry%20Report&amp;utm_source=pointer_io_newsletter&amp;utm_medium=sponsored_ad&amp;utm_content=context_gap_report&amp;aid=recabWKgk7TJLasPb&amp;_bhlid=d7497fa74819a9db1729f1216f729221a9a7d2ab" rel="noopener noreferrer nofollow" target="_blank">
         <span>
          What 350 Engineers Revealed About AI Development Bottlenecks
         </span>
        </a>
       </h2>
      </td>
     </tr>
     <tr>
      <td align="left" class="dd" style="padding:0px 10px;text-align:left;word-break:break-word;">
       <p style="mso-line-height-alt:150.0%;">
        AI is accelerating development teams, but overall velocity hasn't really improved. The bottleneck isn't at the code layer. It's upstream, in the
        <a class="link" href="https://atono.io/lp/context-gap-report?utm_campaign=274400984-2026%20%E2%80%93%20Asset%20%E2%80%93%20Context%20Gap%20Industry%20Report&amp;utm_source=pointer_io_newsletter&amp;utm_medium=sponsored_ad&amp;utm_content=context_gap_report&amp;aid=recZCaNJDgmkJLyGT&amp;_bhlid=b509ab3e74b2b4c6f266a910298a7487ea57850d" rel="noopener noreferrer nofollow" target="_blank">
         <span>
          gap between what product teams decide and what engineering teams actually receive
         </span>
        </a>
        .
       </p>
      </td>
     </tr>
     <tr>
      <td align="left" class="dd" style="padding:0px 10px;text-align:left;word-break:break-word;">
       <p style="mso-line-height-alt:150.0%;">
        Atono's
        <a class="link" href="https://atono.io/lp/context-gap-report?utm_campaign=274400984-2026%20%E2%80%93%20Asset%20%E2%80%93%20Context%20Gap%20Industry%20Report&amp;utm_source=pointer_io_newsletter&amp;utm_medium=sponsored_ad&amp;utm_content=context_gap_report&amp;aid=recznB3pQBsPT1liL&amp;_bhlid=3d71dd222984628d307eafd6afc58260b87f0d18" rel="noopener noreferrer nofollow" target="_blank">
         <span>
          Context Gap Industry Report
         </span>
        </a>
        shares what they found when they asked 350 engineering professionals where AI product development actually breaks down.
       </p>
      </td>
     </tr>
     <tr>
      <td align="left" class="dd" style="padding:0px 10px;text-align:left;word-break:break-word;">
       <p style="mso-line-height-alt:150.0%;">
        Inside the report:
       </p>
      </td>
     </tr>
     <tr>
      <td class="ee" style="padding-bottom:5px;padding-left:15px;padding-right:15px;padding-top:5px;">
       <div class="edm_outlooklist" style="margin-left:0px;">
        <ul style="font-weight:normal;list-style-type:disc;margin-bottom:12px !important;margin-top:12px !important;padding:0px 0px 0px 0px;">
         <li class="listItem ultext">
          <p style="mso-line-height-alt:150.0%;padding:0px;text-align:left;word-break:break-word;">
           Why 52% of teams have no shared AI context across developers
          </p>
         </li>
         <li class="listItem ultext">
          <p style="mso-line-height-alt:150.0%;padding:0px;text-align:left;word-break:break-word;">
           How unclear requirements drive the majority of engineering rework
          </p>
         </li>
         <li class="listItem ultext">
          <p style="mso-line-height-alt:150.0%;padding:0px;text-align:left;word-break:break-word;">
           Why AI at the implementation layer, without clarity at the planning layer, mostly accelerates rework
          </p>
         </li>
         <li class="listItem ultext">
          <p style="mso-line-height-alt:150.0%;padding:0px;text-align:left;word-break:break-word;">
           What teams with the least rework are doing differently
          </p>
         </li>
        </ul>
       </div>
      </td>
     </tr>
     <tr>
      <td align="left" class="dd" style="padding:0px 10px;text-align:left;word-break:break-word;">
       <p style="mso-line-height-alt:150.0%;">
        If you're leading engineering, this report shows you where the real leverage is.
       </p>
      </td>
     </tr>
     <tr>
      <td align="center" class="dd" id="claim-your-075-apy-boost" style="color:#000000;font-weight:Bold;padding:0px 10px;text-align:center;" valign="top">
       <h1 style="color:#000000;font-weight:Bold;mso-line-height-alt:125.0%;">
        <a class="link" href="https://atono.io/lp/context-gap-report?utm_campaign=274400984-2026%20%E2%80%93%20Asset%20%E2%80%93%20Context%20Gap%20Industry%20Report&amp;utm_source=pointer_io_newsletter&amp;utm_medium=sponsored_ad&amp;utm_content=context_gap_report&amp;aid=recBbkHZXRHlo4dHw&amp;_bhlid=d4d1a4698b60e142c845d55488676dd83bb2d760" rel="noopener noreferrer nofollow" target="_blank">
         <span>
          Download The Free Report
         </span>
        </a>
       </h1>
      </td>
     </tr>
     <tr>
      <td align="center" class="dd" style="font-size:0px;line-height:0px;padding:30px 0px 30px;" valign="top">
       <table align="center" border="0" cellpadding="0" cellspacing="0" class="j" role="none" width="96%">
        <tr>
         <td>
         </td>
        </tr>
       </table>
      </td>
     </tr>
     <tr>
      <td align="left" class="dd" id="managing-up" style="color:#000000;font-weight:Bold;padding:0px 10px;text-align:left;" valign="top">
       <h1 style="color:#000000;font-weight:Bold;mso-line-height-alt:125.0%;">
        <a class="link" href="https://randsinrepose.com/archives/managing-up/?&amp;aid=recDynfeQM5lW6ItW&amp;aid=recaiy3bj93QJElYV&amp;_bhlid=80376fa7e55b923106bf5b8ea585c9c76495b424" rel="noopener noreferrer nofollow" target="_blank">
         <span>
          Managing Up
         </span>
        </a>
       </h1>
      </td>
     </tr>
     <tr>
      <td align="left" class="dd" style="padding:0px 10px;text-align:left;word-break:break-word;">
       <p style="mso-line-height-alt:150.0%;">
        — Michael Lopp
       </p>
      </td>
     </tr>
     <tr>
      <td align="left" class="dd" style="padding:0px 10px;text-align:left;word-break:break-word;">
       <p style="mso-line-height-alt:150.0%;">
       </p>
      </td>
     </tr>
     <tr>
      <td align="left" class="dd" style="padding:0px 10px;text-align:left;word-break:break-word;">
       <p style="mso-line-height-alt:150.0%;">
        <b>
         tl;dr
        </b>
        : “In this piece, I will explain the projects, people, and political developments you always want to share - no matter what. While I will strive to make this complete, there is one type of development you must always report.”
       </p>
      </td>
     </tr>
     <tr>
      <td align="right" class="dd" id="management-communication-managing-u" style="color:#000000;font-weight:Normal;padding:0px 10px;text-align:right;" valign="top">
       <h6 style="color:#000000;font-weight:Normal;mso-line-height-alt:87.5%;">
        <span style="font-size:12px;">
         <i>
          Management Communication ManagingUp
         </i>
        </span>
       </h6>
      </td>
     </tr>
     <tr>
      <td align="center" class="dd" style="font-size:0px;line-height:0px;padding:30px 0px 30px;" valign="top">
       <table align="center" border="0" cellpadding="0" cellspacing="0" class="j" role="none" width="96%">
        <tr>
         <td>
         </td>
        </tr>
       </table>
      </td>
     </tr>
     <tr>
      <td align="left" class="dd" id="ask-for-advice-not-permission" style="color:#000000;font-weight:Bold;padding:0px 10px;text-align:left;" valign="top">
       <h1 style="color:#000000;font-weight:Bold;mso-line-height-alt:125.0%;">
        <a class="link" href="https://luminousmen.substack.com/p/be-the-idiot?aid=receSJ0PffNO6cVRJ&amp;_bhlid=33dd4509b617603a9f675cb13e49c3fde670c112" rel="noopener noreferrer nofollow" target="_blank">
         <span>
          Be The Idiot
         </span>
        </a>
       </h1>
      </td>
     </tr>
     <tr>
      <td align="left" class="dd" style="padding:0px 10px;text-align:left;word-break:break-word;">
       <p style="mso-line-height-alt:150.0%;">
        — Kirill Bobrov
       </p>
      </td>
     </tr>
     <tr>
      <td align="left" class="dd" style="padding:0px 10px;text-align:left;word-break:break-word;">
       <p style="mso-line-height-alt:150.0%;">
       </p>
      </td>
     </tr>
     <tr>
      <td align="left" class="dd" style="padding:0px 10px;text-align:left;word-break:break-word;">
       <p style="mso-line-height-alt:150.0%;">
        <b>
         tl;dr
        </b>
        : “I’ve developed a mental checklist of “stupid” questions that have saved me more times than I can count.” The author shares some of these with the understanding that most engineering failures happen because someone was afraid to look stupid.
       </p>
      </td>
     </tr>
     <tr>
      <td align="right" class="dd" id="leadership-management" style="color:#000000;font-weight:Normal;padding:0px 10px;text-align:right;" valign="top">
       <h6 style="color:#000000;font-weight:Normal;mso-line-height-alt:87.5%;">
        <span style="font-size:12px;">
         <i>
          Communication CareerGrowth
         </i>
        </span>
       </h6>
      </td>
     </tr>
     <tr>
      <td align="center" class="dd" style="font-size:0px;line-height:0px;padding:30px 0px 30px;" valign="top">
       <table align="center" border="0" cellpadding="0" cellspacing="0" class="j" role="none" width="96%">
        <tr>
         <td>
         </td>
        </tr>
       </table>
      </td>
     </tr>
     <tr>
      <td align="left" class="dd" id="feature-riffing-how-ai-helps-p-ms-r" style="color:#000000;font-weight:Bold;padding:0px 10px;text-align:left;" valign="top">
       <h1 style="color:#000000;font-weight:Bold;mso-line-height-alt:125.0%;">
        <a class="link" href="https://atono.io/blog/feature-riffing-ai-refine-product-ideas-before-design?aid=recrNfMD0PMMl1JhL&amp;_bhlid=d56ae17a4875818e1946a7dae11b9a21e0740a52" rel="noopener noreferrer nofollow" target="_blank">
         <span>
          Feature Riffing: How AI Helps PMs Refine Ideas Before Design
         </span>
        </a>
       </h1>
      </td>
     </tr>
     <tr>
      <td align="left" class="dd" style="padding:0px 10px;text-align:left;word-break:break-word;">
       <p style="mso-line-height-alt:150.0%;">
       </p>
      </td>
     </tr>
     <tr>
      <td align="left" class="dd" style="padding:0px 10px;text-align:left;word-break:break-word;">
       <p style="mso-line-height-alt:150.0%;">
        <b>
         tl;dr
        </b>
        : Better specs = fewer refinement cycles = faster shipping. Most acceptance criteria look solid on paper until engineering starts building. This post shows how product teams are using AI to validate feature logic through interactive mockups—surfacing edge cases and hierarchical complexity before specs reach your team.
       </p>
      </td>
     </tr>
     <tr>
      <td align="left" class="dd" style="padding:0px 10px;text-align:left;word-break:break-word;">
       <p style="mso-line-height-alt:150.0%;">
        <i>
         Promoted by Atono
        </i>
       </p>
      </td>
     </tr>
     <tr>
      <td align="right" class="dd" id="ai-product" style="color:#000000;font-weight:Normal;padding:0px 10px;text-align:right;" valign="top">
       <h6 style="color:#000000;font-weight:Normal;mso-line-height-alt:87.5%;">
        <span style="font-size:12px;">
         <i>
          AI Product
         </i>
        </span>
       </h6>
      </td>
     </tr>
     <tr>
      <td align="center" class="dd" style="font-size:0px;line-height:0px;padding:30px 0px 30px;" valign="top">
       <table align="center" border="0" cellpadding="0" cellspacing="0" class="j" role="none" width="96%">
        <tr>
         <td>
         </td>
        </tr>
       </table>
      </td>
     </tr>
     <tr>
      <td align="left" class="dd" id="everything-you-need-to-know-about-o" style="color:#000000;font-weight:Bold;padding:0px 10px;text-align:left;" valign="top">
       <h1 style="color:#000000;font-weight:Bold;mso-line-height-alt:125.0%;">
        <a class="link" href="https://kimmalonescott.medium.com/fun-feedback-exercises-activities-to-do-with-your-team-67faacccb77c?aid=recPQdX1jVc2EFWyd&amp;_bhlid=c5f01f138fd2dab4c46d471667a51d72c2514fb5" rel="noopener noreferrer nofollow" target="_blank">
         <span>
          Fun Feedback Exercises &amp; Activities To Do With Your Team
         </span>
        </a>
       </h1>
      </td>
     </tr>
     <tr>
      <td align="left" class="dd" style="padding:0px 10px;text-align:left;word-break:break-word;">
       <p style="mso-line-height-alt:150.0%;">
        — Kim Scott
       </p>
      </td>
     </tr>
     <tr>
      <td align="left" class="dd" style="padding:0px 10px;text-align:left;word-break:break-word;">
       <p style="mso-line-height-alt:150.0%;">
       </p>
      </td>
     </tr>
     <tr>
      <td align="left" class="dd" style="padding:0px 10px;text-align:left;word-break:break-word;">
       <p style="mso-line-height-alt:150.0%;">
        <b>
         tl;dr
        </b>
        : “Engaging your team with fun feedback exercises can help create a culture of open communication and continuous improvement. Here are a few ideas you might find helpful.”
       </p>
      </td>
     </tr>
     <tr>
      <td align="right" class="dd" id="leadership-management-career-growth" style="color:#000000;font-weight:Normal;padding:0px 10px;text-align:right;" valign="top">
       <h6 style="color:#000000;font-weight:Normal;mso-line-height-alt:87.5%;">
        <span style="font-size:12px;">
         <i>
          Management Guide Feedback
         </i>
        </span>
       </h6>
      </td>
     </tr>
     <tr>
      <td align="center" class="dd" style="padding:30px 10px 30px 10px;" valign="top">
       <table align="center" border="0" cellpadding="0" cellspacing="0" class="d" role="none" style="background-color:#101720;border-color:#ffffff;border-radius:10px 10px 10px 10px;border-style:solid;border-width:1px 1px 1px 1px;" width="100%">
        <tr>
         <td align="center" class="dd" style="padding:20px 20px 20px 20px;" valign="top">
          <table align="center" border="0" cellpadding="0" cellspacing="0" role="none" width="100%">
           <tr>
            <td align="center" class="i" valign="top">
             <p style="color:#f3f4f6;font-weight:normal;margin:0px;text-align:center;">
              “If you hear a voice within you say, ‘You cannot paint,’ then by all means paint and that voice will be silenced.”
             </p>
            </td>
           </tr>
           <tr>
            <td height="14" style="line-height:1px;font-size:1px;height:14;">
            </td>
           </tr>
           <tr>
            <td align="center" class="h" style="color:#ffffff;font-family:'Space Grotesk',Helvetica,Arial,sans-serif;font-size:14px;font-weight:normal;padding-bottom:12px;padding-top:12px;" valign="top">
             — Vincent Van Gogh
            </td>
           </tr>
          </table>
         </td>
        </tr>
       </table>
      </td>
     </tr>
     <tr>
      <td align="left" class="dd" id="3-constraints-before-i-build-anythi" style="color:#000000;font-weight:Bold;padding:0px 10px;text-align:left;" valign="top">
       <h1 style="color:#000000;font-weight:Bold;mso-line-height-alt:125.0%;">
        <a class="link" href="https://jordanlord.co.uk/blog/3-constraints/?aid=rech8Jz6f2MZAYdxa&amp;_bhlid=5f4befe58bd81af4ab8b9ff4254794504e4cdcab" rel="noopener noreferrer nofollow" target="_blank">
         <span>
          3 Constraints Before I Build Anything
         </span>
        </a>
       </h1>
      </td>
     </tr>
     <tr>
      <td align="left" class="dd" style="padding:0px 10px;text-align:left;word-break:break-word;">
       <p style="mso-line-height-alt:150.0%;">
        — Jordan Lord
       </p>
      </td>
     </tr>
     <tr>
      <td align="left" class="dd" style="padding:0px 10px;text-align:left;word-break:break-word;">
       <p style="mso-line-height-alt:150.0%;">
       </p>
      </td>
     </tr>
     <tr>
      <td align="left" class="dd" style="padding:0px 10px;text-align:left;word-break:break-word;">
       <p style="mso-line-height-alt:150.0%;">
        <b>
         tl;dr
        </b>
        : “I’ve been a builder for 10 years, and I've built products that went nowhere because they were either too complex or had no identity. These are the constraints that I landed on after making those mistakes.”
        <span style="font-size:12px;">
         <i>
         </i>
        </span>
       </p>
      </td>
     </tr>
     <tr>
      <td align="right" class="dd" id="ai-guide-best-practices" style="color:#000000;font-weight:Normal;padding:0px 10px;text-align:right;" valign="top">
       <h6 style="color:#000000;font-weight:Normal;mso-line-height-alt:87.5%;">
        <span style="font-size:12px;">
         <i>
          AI Guide BestPractices
         </i>
        </span>
       </h6>
      </td>
     </tr>
     <tr>
      <td align="center" class="dd" style="font-size:0px;line-height:0px;padding:30px 0px 30px;" valign="top">
       <table align="center" border="0" cellpadding="0" cellspacing="0" class="j" role="none" width="96%">
        <tr>
         <td>
         </td>
        </tr>
       </table>
      </td>
     </tr>
     <tr>
      <td align="left" class="dd" id="to-make-sl-ms-think-bigger-orchestr" style="color:#000000;font-weight:Bold;padding:0px 10px;text-align:left;" valign="top">
       <h1 style="color:#000000;font-weight:Bold;mso-line-height-alt:125.0%;">
        <a class="link" href="https://fandf.co/4tiqz4S?aid=reclPsYQdBrLSfxoa&amp;_bhlid=220f99f8a68893f3d93e00892f8887253385553c" rel="noopener noreferrer nofollow" target="_blank">
         <span>
          To Make SLMs Think Bigger, Orchestration Is The Key
         </span>
        </a>
       </h1>
      </td>
     </tr>
     <tr>
      <td align="left" class="dd" style="padding:0px 10px;text-align:left;word-break:break-word;">
       <p style="mso-line-height-alt:150.0%;">
        — Nacho Martinez
       </p>
      </td>
     </tr>
     <tr>
      <td align="left" class="dd" style="padding:0px 10px;text-align:left;word-break:break-word;">
       <p style="mso-line-height-alt:150.0%;">
       </p>
      </td>
     </tr>
     <tr>
      <td align="left" class="dd" style="padding:0px 10px;text-align:left;word-break:break-word;">
       <p style="mso-line-height-alt:150.0%;">
        <b>
         tl;dr
        </b>
        : Small language models often fail at multi-step reasoning, but agent-based architectures can bridge the gap. By layering search and control flow over LLM calls, the agent-reasoning framework adds 16 research-backed strategies to any Ollama model with zero code changes.
       </p>
      </td>
     </tr>
     <tr>
      <td align="left" class="dd" style="padding:0px 10px;text-align:left;word-break:break-word;">
       <p style="mso-line-height-alt:150.0%;">
        <i>
         Promoted by Oracle
        </i>
       </p>
      </td>
     </tr>
     <tr>
      <td align="right" class="dd" id="ai-deep-dive-guide" style="color:#000000;font-weight:Normal;padding:0px 10px;text-align:right;" valign="top">
       <h6 style="color:#000000;font-weight:Normal;mso-line-height-alt:87.5%;">
        <span style="font-size:12px;">
         <i>
          AI DeepDive Guide
         </i>
        </span>
       </h6>
      </td>
     </tr>
     <tr>
      <td align="center" class="dd" style="font-size:0px;line-height:0px;padding:30px 0px 30px;" valign="top">
       <table align="center" border="0" cellpadding="0" cellspacing="0" class="j" role="none" width="96%">
        <tr>
         <td>
         </td>
        </tr>
       </table>
      </td>
     </tr>
     <tr>
      <td align="left" class="dd" id="how-to-run-a-technical-due-diligenc" style="color:#000000;font-weight:Bold;padding:0px 10px;text-align:left;" valign="top">
       <h1 style="color:#000000;font-weight:Bold;mso-line-height-alt:125.0%;">
        <a class="link" href="https://makemeacto.substack.com/p/how-to-run-a-technical-due-diligence?aid=recSRVeC737tilDdV&amp;_bhlid=271a2aa9ff7e89beab4e185d43e83f313465a332" rel="noopener noreferrer nofollow" target="_blank">
         <span>
          How to Run a Technical Due Diligence?
         </span>
        </a>
       </h1>
      </td>
     </tr>
     <tr>
      <td align="left" class="dd" style="padding:0px 10px;text-align:left;word-break:break-word;">
       <p style="mso-line-height-alt:150.0%;">
        — Sergio Visinoni
       </p>
      </td>
     </tr>
     <tr>
      <td align="left" class="dd" style="padding:0px 10px;text-align:left;word-break:break-word;">
       <p style="mso-line-height-alt:150.0%;">
       </p>
      </td>
     </tr>
     <tr>
      <td align="left" class="dd" style="padding:0px 10px;text-align:left;word-break:break-word;">
       <p style="mso-line-height-alt:150.0%;">
        <b>
         tl;dr
        </b>
        : A walkthrough of running a technical due diligence during M&amp;A. Covers what the data room actually is, the four types of deals - brand acquisition, independent operation, full integration, acqui-hire - and what to prioritize in each - from security and compliance to talent assessment to data portability.
       </p>
      </td>
     </tr>
     <tr>
      <td align="right" class="dd" id="ai-event" style="color:#000000;font-weight:Normal;padding:0px 10px;text-align:right;" valign="top">
       <h6 style="color:#000000;font-weight:Normal;mso-line-height-alt:87.5%;">
        <span style="font-size:12px;">
         <i>
          Leadership Guide Business
         </i>
        </span>
       </h6>
      </td>
     </tr>
     <tr>
      <td align="center" class="dd" style="font-size:0px;line-height:0px;padding:30px 0px 30px;" valign="top">
       <table align="center" border="0" cellpadding="0" cellspacing="0" class="j" role="none" width="96%">
        <tr>
         <td>
         </td>
        </tr>
       </table>
      </td>
     </tr>
     <tr>
      <td align="left" class="dd" id="you-should-make-a-new-programming-l" style="color:#000000;font-weight:Bold;padding:0px 10px;text-align:left;" valign="top">
       <h1 style="color:#000000;font-weight:Bold;mso-line-height-alt:125.0%;">
        <a class="link" href="https://philpearl.github.io/post/swissing_a_table/?aid=recOvpZbA7cPVAWrc&amp;_bhlid=de8d72cb3ba6745e8c010c6fa48c91ce8d44ad03" rel="noopener noreferrer nofollow" target="_blank">
         <span>
          Swissing A Table
         </span>
        </a>
       </h1>
      </td>
     </tr>
     <tr>
      <td align="left" class="dd" style="padding:0px 10px;text-align:left;word-break:break-word;">
       <p style="mso-line-height-alt:150.0%;">
        — Philip Pearl
       </p>
      </td>
     </tr>
     <tr>
      <td align="left" class="dd" style="padding:0px 10px;text-align:left;word-break:break-word;">
       <p style="mso-line-height-alt:150.0%;">
       </p>
      </td>
     </tr>
     <tr>
      <td align="left" class="dd" style="padding:0px 10px;text-align:left;word-break:break-word;">
       <p style="mso-line-height-alt:150.0%;">
        <b>
         tl;dr
        </b>
        : “This year I chose to investigate “Swiss tables”, the new hash table idea behind recent improvements to Go’s maps. Why am I interested in this? I’ve written a number of specialist hash tables, and I wondered if these approaches would lead to any performance improvements.”
       </p>
      </td>
     </tr>
     <tr>
      <td align="right" class="dd" id="deep-dive-performance" style="color:#000000;font-weight:Normal;padding:0px 10px;text-align:right;" valign="top">
       <h6 style="color:#000000;font-weight:Normal;mso-line-height-alt:87.5%;">
        <span style="font-size:12px;">
         <i>
          DeepDive Performance
         </i>
        </span>
       </h6>
      </td>
     </tr>
     <tr>
      <td align="center" class="dd" style="font-size:0px;line-height:0px;padding:30px 0px 30px;" valign="top">
       <table align="center" border="0" cellpadding="0" cellspacing="0" class="j" role="none" width="96%">
        <tr>
         <td>
         </td>
        </tr>
       </table>
      </td>
     </tr>
     <tr>
      <td align="left" class="dd" id="the-ai-engineering-stack-we-built-i" style="color:#000000;font-weight:Bold;padding:0px 10px;text-align:left;" valign="top">
       <h1 style="color:#000000;font-weight:Bold;mso-line-height-alt:125.0%;">
        <a class="link" href="https://blog.cloudflare.com/internal-ai-engineering-stack/?aid=rec9mevXRn0xFN4du&amp;_bhlid=240459f04a808077699e6a51f06da5755018e09e" rel="noopener noreferrer nofollow" target="_blank">
         <span>
          The AI Engineering Stack We Built Internally - On The Platform We Ship
         </span>
        </a>
       </h1>
      </td>
     </tr>
     <tr>
      <td align="left" class="dd" style="padding:0px 10px;text-align:left;word-break:break-word;">
       <p style="mso-line-height-alt:150.0%;">
        — Rajesh Bhatia, Scott Roe-Meschke, Ayush Thakur
       </p>
      </td>
     </tr>
     <tr>
      <td align="left" class="dd" style="padding:0px 10px;text-align:left;word-break:break-word;">
       <p style="mso-line-height-alt:150.0%;">
       </p>
      </td>
     </tr>
     <tr>
      <td align="left" class="dd" style="padding:0px 10px;text-align:left;word-break:break-word;">
       <p style="mso-line-height-alt:150.0%;">
        <b>
         tl;dr
        </b>
        : “Eleven months ago, we undertook a major project: to truly integrate AI into our engineering stack. We needed to build the internal MCP servers, access layer, and AI tooling necessary for agents to be useful at Cloudflare. We pulled together engineers from across the company to form a tiger team called iMARS (Internal MCP Agent/Server Rollout Squad). The sustained work landed with the Dev Productivity team, who also own much of our internal tooling including CI/CD, build systems, and automation.”
       </p>
      </td>
     </tr>
     <tr>
      <td align="right" class="dd" id="developer-productivity-best-practic" style="color:#000000;font-weight:Normal;padding:0px 10px;text-align:right;" valign="top">
       <h6 style="color:#000000;font-weight:Normal;mso-line-height-alt:87.5%;">
        <span style="font-size:12px;">
         <i>
          AI Infrastructure CaseStudy
         </i>
        </span>
       </h6>
      </td>
     </tr>
     <tr>
      <td align="center" class="dd" style="font-size:0px;line-height:0px;padding:30px 0px 30px;" valign="top">
       <table align="center" border="0" cellpadding="0" cellspacing="0" class="j" role="none" width="96%">
        <tr>
         <td>
         </td>
        </tr>
       </table>
      </td>
     </tr>
     <tr>
      <td align="left" class="dd" id="most-popular-from-last-issue" style="color:#000000;font-weight:Bold;padding:0px 10px;text-align:left;" valign="top">
       <h1 style="color:#000000;font-weight:Bold;mso-line-height-alt:125.0%;">
        Most Popular From Last Issue
       </h1>
      </td>
     </tr>
     <tr>
      <td align="left" class="dd" style="padding:0px 10px;text-align:left;word-break:break-word;">
       <p style="mso-line-height-alt:150.0%;">
       </p>
      </td>
     </tr>
     <tr>
      <td align="left" class="dd" style="padding:0px 10px;text-align:left;word-break:break-word;">
       <p style="mso-line-height-alt:150.0%;">
        <b>
         <a class="link" href="https://luminousmen.substack.com/p/drunk-post-things-ive-learned-as?aid=recB1tEgoOXzSQ5z1&amp;_bhlid=eb7ae569da26087da2b02a83253aea6404c960f6" rel="noopener noreferrer nofollow" target="_blank">
          <span>
           Drunk Post: Things I’ve Learned As A Senior Engineer
          </span>
         </a>
        </b>
        -
        <b>
        </b>
        Kirill Bobrov
       </p>
      </td>
     </tr>
     <tr>
      <td align="center" class="dd" style="font-size:0px;line-height:0px;padding:30px 0px 30px;" valign="top">
       <table align="center" border="0" cellpadding="0" cellspacing="0" class="j" role="none" width="96%">
        <tr>
         <td>
         </td>
        </tr>
       </table>
      </td>
     </tr>
     <tr>
      <td align="left" class="dd" id="notable-links" style="color:#000000;font-weight:Bold;padding:0px 10px;text-align:left;" valign="top">
       <h1 style="color:#000000;font-weight:Bold;mso-line-height-alt:125.0%;">
        Notable Links
       </h1>
      </td>
     </tr>
     <tr>
      <td align="left" class="dd" style="padding:0px 10px;text-align:left;word-break:break-word;">
       <p style="mso-line-height-alt:150.0%;">
       </p>
      </td>
     </tr>
     <tr>
      <td align="left" class="dd" id="code-burn-track-token-usage-cost-an" style="padding:0px 10px;text-align:left;word-break:break-word;">
       <p style="mso-line-height-alt:150.0%;">
        <b>
         <a class="link" href="https://github.com/getagentseal/codeburn?aid=recxPMLHKpZ23VjVV&amp;_bhlid=eaf560db73625c67c132b670d1e8484e983054de" rel="noopener noreferrer nofollow" target="_blank">
          <span>
           CodeBurn
          </span>
         </a>
        </b>
        : Track token usage, cost, and performance.
       </p>
      </td>
     </tr>
     <tr>
      <td align="left" class="dd" id="flue-agent-harness-framework" style="padding:0px 10px;text-align:left;word-break:break-word;">
       <p style="mso-line-height-alt:150.0%;">
        <b>
         <a class="link" href="https://github.com/withastro/flue?aid=recyA0O9u9TEQJ4Nm&amp;_bhlid=04e40d905de48b8b8dbfb4196ab754209cb7a974" rel="noopener noreferrer nofollow" target="_blank">
          <span>
           Flue
          </span>
         </a>
        </b>
        : Agent harness framework.
       </p>
      </td>
     </tr>
     <tr>
      <td align="left" class="dd" id="openhare-a-ipowered-crossplatform-d" style="padding:0px 10px;text-align:left;word-break:break-word;">
       <p style="mso-line-height-alt:150.0%;">
        <b>
         <a class="link" href="https://github.com/sjjian/openhare?aid=recKVEJgkjrE2dQF9&amp;_bhlid=4cfa653e5675e2bf14f1347a2b41c85f72887686" rel="noopener noreferrer nofollow" target="_blank">
          <span>
           Openhare
          </span>
         </a>
        </b>
        : AI-powered, cross-platform desktop SQL client.
       </p>
      </td>
     </tr>
     <tr>
      <td align="left" class="dd" id="space-agent-os-agent-that-builds-yo" style="padding:0px 10px;text-align:left;word-break:break-word;">
       <p style="mso-line-height-alt:150.0%;">
        <b>
         <a class="link" href="https://github.com/agent0ai/space-agent?aid=recVTnIwihmnEa9Ms&amp;_bhlid=a72c63674a9cab042643f437ed88a9cf91332a03" rel="noopener noreferrer nofollow" target="_blank">
          <span>
           Space Agent
          </span>
         </a>
        </b>
        : OS agent that builds your space in the browser.
       </p>
      </td>
     </tr>
     <tr>
      <td align="left" class="dd" id="super-plane-os-control-plane-for-pl" style="padding:0px 10px;text-align:left;word-break:break-word;">
       <p style="mso-line-height-alt:150.0%;">
        <b>
         <a class="link" href="https://github.com/superplanehq/superplane?aid=recxZ5rgT3P0sDglh&amp;_bhlid=2a9d2790d5cc7d7856b5b1c30aee40d794f58d89" rel="noopener noreferrer nofollow" target="_blank">
          <span>
           SuperPlane
          </span>
         </a>
        </b>
        : OS control plane for platform engineering.
       </p>
      </td>
     </tr>
     <tr>
      <td align="center" class="dd" style="font-size:0px;line-height:0px;padding:30px 0px 30px;" valign="top">
       <table align="center" border="0" cellpadding="0" cellspacing="0" class="j" role="none" width="96%">
        <tr>
         <td>
         </td>
        </tr>
       </table>
      </td>
     </tr>
     <tr>
      <td align="center" class="e" valign="top">
       <table align="left" border="0" cellpadding="0" cellspacing="0" role="none">
        <tr>
         <td align="left" style="padding:10px 10px 10px;" valign="top">
          <h3 style="">
           How did you like this issue of Pointer?
          </h3>
          <p style="">
           1 = Didn't enjoy it all // 5 = Really enjoyed it
          </p>
         </td>
        </tr>
        <tr>
         <td align="left" style="padding:0px 10px 10px;" valign="top">
          <span>
           <a href="https://pointerio.beehiiv.com/polls/60180d23-3fbb-4689-974c-1db7f8617f77/response?pcid=168ea9f2-7130-4ae4-8f04-7bf1bd8780ea&amp;ppid=c84ccdcd-2327-4f80-98e1-604a37e58d41&amp;sid=SUBSCRIBER_ID&amp;_bhlid=8760cc8cee40d6e4b60fa86aee26007ad8416c32">
            1
           </a>
          </span>
          <span style="">
           |
          </span>
          <span>
           <a href="https://pointerio.beehiiv.com/polls/60180d23-3fbb-4689-974c-1db7f8617f77/response?pcid=9e524ac8-f554-4474-b06d-a0a1b5f9e2d5&amp;ppid=c84ccdcd-2327-4f80-98e1-604a37e58d41&amp;sid=SUBSCRIBER_ID&amp;_bhlid=4b6686c67360b29e6d080c618a9eda99173d0c46">
            2
           </a>
          </span>
          <span style="">
           |
          </span>
          <span>
           <a href="https://pointerio.beehiiv.com/polls/60180d23-3fbb-4689-974c-1db7f8617f77/response?pcid=e3d1fc61-4c67-44ee-b815-e849def5a216&amp;ppid=c84ccdcd-2327-4f80-98e1-604a37e58d41&amp;sid=SUBSCRIBER_ID&amp;_bhlid=5e385064e40521226e8ebd03f030c4a30b516261">
            3
           </a>
          </span>
          <span style="">
           |
          </span>
          <span>
           <a href="https://pointerio.beehiiv.com/polls/60180d23-3fbb-4689-974c-1db7f8617f77/response?pcid=9afc13ca-b323-464e-a674-b992143cc258&amp;ppid=c84ccdcd-2327-4f80-98e1-604a37e58d41&amp;sid=SUBSCRIBER_ID&amp;_bhlid=e2e8306867202cc43542fafb4bc11dae56c14e28">
            4
           </a>
          </span>
          <span style="">
           |
          </span>
          <span>
           <a href="https://pointerio.beehiiv.com/polls/60180d23-3fbb-4689-974c-1db7f8617f77/response?pcid=36e7f97a-3a9e-4b58-95ab-b72e85cd83c3&amp;ppid=c84ccdcd-2327-4f80-98e1-604a37e58d41&amp;sid=SUBSCRIBER_ID&amp;_bhlid=52ca5ce794169ee0210247c8edc4e26d1a8a9533">
            5
           </a>
          </span>
         </td>
        </tr>
       </table>
      </td>
     </tr>
     <tr>
      <td align="center" class="dd" style="font-size:0px;line-height:0px;padding:30px 0px 30px;" valign="top">
       <table align="center" border="0" cellpadding="0" cellspacing="0" class="j" role="none" width="96%">
        <tr>
         <td>
         </td>
        </tr>
       </table>
      </td>
     </tr>
     <tr>
      <td align="left" class="dd" style="padding:0px 10px;text-align:left;word-break:break-word;">
       <p style="mso-line-height-alt:150.0%;">
       </p>
      </td>
     </tr>
    </table>
   </td>
  </tr>
  
  '''
# ---
# name: test_html_to_description[post_aa76678f-b955-4a29-927e-388a5e3410d4.html]
  '''
  <tr id="content-blocks">
   <td align="center" class="email-card-body" style="padding-bottom:px;" valign="top">
    <table align="center" border="0" cellpadding="0" cellspacing="0" role="none" width="100%">
     <tr>
      <td align="center" class="dd" style="padding:0px 10px;text-align:center;word-break:break-word;">
       <p style="mso-line-height-alt:150.0%;">
        Friday 13th February issue is presented by WorkOS
       </p>
      </td>
     </tr>
     <tr>
      <td align="center" class="dd" style="padding-bottom:10px;padding-left:10px;padding-right:10px;padding-top:10px; " valign="top">
       <table border="0" cellpadding="0" cellspacing="0" role="none" style="margin:0 auto 0 auto;">
        <tr>
         <td align="center" style="width:195px;" valign="top">
          <a href="https://workos.com/docs/pipes?utm_source=pointer&amp;utm_medium=newsletter&amp;utm_campaign=q12026&amp;utm_content=no_rebuild?&amp;aid=recSyhq06k0OeoDUJ&amp;_bhlid=51c41cc318c6ad5c2cc0c43d18765a7b750fe64e" rel="noopener noreferrer nofollow" style="text-decoration:none;" target="_blank">
           <img alt="" border="0" height="auto" src="https://media.beehiiv.com/cdn-cgi/image/fit=scale-down,format=auto,onerror=redirect,quality=80/uploads/asset/file/763c1dc8-c550-4a69-9385-104fe0aeb6d0/WorkOS__1_.png?t=1753778191" style="display:block;width:100%;border-radius:0px 0px 0px 0px;border-style:solid;border-width:0px 0px 0px 0px;box-sizing:border-box;border-color:#E5E7EB;" width="195"/>
          </a>
         </td>
        </tr>
       </table>
      </td>
     </tr>
     <tr>
      <td align="left" class="dd" id="ship-third-party-integrations-witho" style="color:#000000;font-weight:700;padding:0px 10px;text-align:left;" valign="top">
       <h2 style="color:#000000;font-weight:700;mso-line-height-alt:150.0%;">
        <a class="link" href="https://workos.com/docs/pipes?utm_source=pointer&amp;utm_medium=newsletter&amp;utm_campaign=q12026&amp;utm_content=no_rebuild?&amp;aid=recJGbGeqR8ZnPiC5&amp;_bhlid=fb7fbb5f5c619442efdd41991617e58b73fd3731" rel="noopener noreferrer nofollow" target="_blank">
         <span>
          Ship Third-Party Integrations Without Rebuilding OAuth
         </span>
        </a>
       </h2>
      </td>
     </tr>
     <tr>
      <td align="left" class="dd" style="padding:0px 10px;text-align:left;word-break:break-word;">
       <p style="mso-line-height-alt:150.0%;">
        Connecting user accounts to third-party APIs always comes with the same plumbing: OAuth flows, token storage, refresh logic, and provider-specific quirks.
       </p>
      </td>
     </tr>
     <tr>
      <td align="left" class="dd" style="padding:0px 10px;text-align:left;word-break:break-word;">
       <p style="mso-line-height-alt:150.0%;">
        <a class="link" href="https://workos.com/blog/workos-pipes-third-party-integrations?utm_source=pointer&amp;utm_medium=newsletter&amp;utm_campaign=q12026&amp;utm_content=product_name_link?&amp;aid=recEfgdz1y2gLtWiT&amp;_bhlid=385a7dff1380e81abd174c88609ed9d8452645a3" rel="noopener noreferrer nofollow" target="_blank">
         <span>
          WorkOS Pipes
         </span>
        </a>
        removes that overhead. Users connect services like GitHub, Slack, Google, Salesforce, and other supported providers through a
        <a class="link" href="https://workos.com/docs/widgets/pipes?utm_source=pointer&amp;utm_medium=newsletter&amp;utm_campaign=q12026&amp;utm_content=drop_in_widget?&amp;aid=recrdqPUJY6k1RpLI&amp;_bhlid=e97aebfd05621aff0b068450df95f5786ace7b3c" rel="noopener noreferrer nofollow" target="_blank">
         <span>
          drop-in widget
         </span>
        </a>
        . Your backend requests a valid access token from the Pipes API when needed, while Pipes handles credential storage and token refresh.
       </p>
      </td>
     </tr>
     <tr>
      <td align="center" class="dd" id="simplify-integrations-today" style="color:#000000;font-weight:700;padding:0px 10px;text-align:center;" valign="top">
       <h1 style="color:#000000;font-weight:700;mso-line-height-alt:175.0%;">
        <a class="link" href="https://workos.com/docs/pipes?utm_source=pointer&amp;utm_medium=newsletter&amp;utm_campaign=q12026&amp;utm_content=simplify_integrations_cta?&amp;aid=recKykQXlK04yG7qO&amp;_bhlid=b407ac96b8393b2bf4173035e26eb644a4bdb6af" rel="noopener noreferrer nofollow" target="_blank">
         <span>
          Simplify Integrations Today →
         </span>
        </a>
       </h1>
      </td>
     </tr>
     <tr>
      <td align="center" class="dd" style="padding:0px 10px;text-align:center;word-break:break-word;">
       <p style="mso-line-height-alt:150.0%;">
       </p>
      </td>
     </tr>
     <tr>
      <td align="center" class="dd" style="font-size:0px;line-height:0px;padding:20px 0px 20px;" valign="top">
       <table align="center" border="0" cellpadding="0" cellspacing="0" class="j" role="none" width="96%">
        <tr>
         <td>
         </td>
        </tr>
       </table>
      </td>
     </tr>
     <tr>
      <td align="left" class="dd" id="14-more-lessons-from-14-years-at-go" style="color:#000000;font-weight:700;padding:0px 10px;text-align:left;" valign="top">
       <h1 style="color:#000000;font-weight:700;mso-line-height-alt:175.0%;">
        <a class="link" href="https://addyo.substack.com/p/14-more-lessons-from-14-years-at?&amp;aid=rec3nPcWZNDYBhlMU&amp;_bhlid=45e01ce030eace56657272e9d0b154fd6c493406" rel="noopener noreferrer nofollow" target="_blank">
         <span>
          14 More Lessons From 14 Years At Google
         </span>
        </a>
       </h1>
      </td>
     </tr>
     <tr>
      <td align="left" class="dd" style="padding:0px 10px;text-align:left;word-break:break-word;">
       <p style="mso-line-height-alt:150.0%;">
        — Addy Osmani
       </p>
      </td>
     </tr>
     <tr>
      <td align="left" class="dd" style="padding:0px 10px;text-align:left;word-break:break-word;">
       <p style="mso-line-height-alt:150.0%;">
       </p>
      </td>
     </tr>
     <tr>
      <td align="left" class="dd" style="padding:0px 10px;text-align:left;word-break:break-word;">
       <p style="mso-line-height-alt:150.0%;">
        <b>
         tl;dr
        </b>
        : “Some of the hardest lessons I’ve learned aren’t about how you work. They’re about how teams work: how decisions actually get made, where coordination breaks down, what separates the groups that ship from the ones that spin. These lessons pick up where the first left off. They’re less about being a better individual engineer and more about the systems around the engineering.”
       </p>
      </td>
     </tr>
     <tr>
      <td align="right" class="dd" id="career-advice" style="color:#000000;font-weight:Normal;padding:0px 10px;text-align:right;" valign="top">
       <h6 style="color:#000000;font-weight:Normal;mso-line-height-alt:87.5%;">
        <span style="font-size:12px;">
         <i>
          CareerAdvice
         </i>
        </span>
       </h6>
      </td>
     </tr>
     <tr>
      <td align="center" class="dd" style="font-size:0px;line-height:0px;padding:20px 0px 20px;" valign="top">
       <table align="center" border="0" cellpadding="0" cellspacing="0" class="j" role="none" width="96%">
        <tr>
         <td>
         </td>
        </tr>
       </table>
      </td>
     </tr>
     <tr>
      <td align="left" class="dd" id="work-expands-time-vanishes-heres-wh" style="color:#000000;font-weight:700;padding:0px 10px;text-align:left;" valign="top">
       <h1 style="color:#000000;font-weight:700;mso-line-height-alt:175.0%;">
        <a class="link" href="https://read.perspectiveship.com/p/planning-laws?&amp;aid=rechnXyVw6WZLA4iZ&amp;_bhlid=0079d642f29f96fdc3af4014d11f489d69d18a35" rel="noopener noreferrer nofollow" target="_blank">
         <span>
          Work Expands. Time Vanishes. Here's Why.
         </span>
        </a>
       </h1>
      </td>
     </tr>
     <tr>
      <td align="left" class="dd" style="padding:0px 10px;text-align:left;word-break:break-word;">
       <p style="mso-line-height-alt:150.0%;">
        — Michał Poczwardowski
       </p>
      </td>
     </tr>
     <tr>
      <td align="left" class="dd" style="padding:0px 10px;text-align:left;word-break:break-word;">
       <p style="mso-line-height-alt:150.0%;">
       </p>
      </td>
     </tr>
     <tr>
      <td align="left" class="dd" style="padding:0px 10px;text-align:left;word-break:break-word;">
       <p style="mso-line-height-alt:150.0%;">
        <b>
         tl;dr
        </b>
        : “I’ve witnessed teams hiding real deadlines from each other. Afraid that if developers knew the real date, work would expand to fill it (Parkinson), while still taking longer than expected (Hofstadter). Some teams added multipliers to estimates, turning a 3-day estimate into 6 days automatically. This blurred what was being estimated in the first place.”
       </p>
      </td>
     </tr>
     <tr>
      <td align="right" class="dd" id="leadership-management" style="color:#000000;font-weight:Normal;padding:0px 10px;text-align:right;" valign="top">
       <h6 style="color:#000000;font-weight:Normal;mso-line-height-alt:87.5%;">
        <span style="font-size:12px;">
         <i>
          Leadership Management
         </i>
        </span>
       </h6>
      </td>
     </tr>
     <tr>
      <td align="center" class="dd" style="font-size:0px;line-height:0px;padding:20px 0px 20px;" valign="top">
       <table align="center" border="0" cellpadding="0" cellspacing="0" class="j" role="none" width="96%">
        <tr>
         <td>
         </td>
        </tr>
       </table>
      </td>
     </tr>
     <tr>
      <td align="left" class="dd" id="the-enterprise-infrastructure-behin" style="color:#000000;font-weight:700;padding:0px 10px;text-align:left;" valign="top">
       <h1 style="color:#000000;font-weight:700;mso-line-height-alt:175.0%;">
        <a class="link" href="https://workos.com/docs/pipes?utm_source=pointer&amp;utm_medium=newsletter&amp;utm_campaign=q12026&amp;utm_content=secondary_title?&amp;aid=recZZxBUPYcVTQ4hK&amp;_bhlid=cf2ea41166788337ac7479fc41f90ba5c91ce51a" rel="noopener noreferrer nofollow" target="_blank">
         <span>
          The Enterprise Infrastructure Behind Successful AI Apps
         </span>
        </a>
       </h1>
      </td>
     </tr>
     <tr>
      <td align="left" class="dd" style="padding:0px 10px;text-align:left;word-break:break-word;">
       <p style="mso-line-height-alt:150.0%;">
       </p>
      </td>
     </tr>
     <tr>
      <td align="left" class="dd" style="padding:0px 10px;text-align:left;word-break:break-word;">
       <p style="mso-line-height-alt:150.0%;">
        <b>
         tl;dr
        </b>
        : Most AI apps fail to reach production not because of models, but because they lack enterprise infrastructure. This article breaks down the foundations teams need to scale AI responsibly, including identity, access control, auditability, and compliance. It shows how leading teams are building for production from day one.
       </p>
      </td>
     </tr>
     <tr>
      <td align="left" class="dd" style="padding:0px 10px;text-align:left;word-break:break-word;">
       <p style="mso-line-height-alt:150.0%;">
        <i>
         Promoted by WorkOS
        </i>
       </p>
      </td>
     </tr>
     <tr>
      <td align="right" class="dd" id="leadership-management" style="color:#000000;font-weight:Normal;padding:0px 10px;text-align:right;" valign="top">
       <h6 style="color:#000000;font-weight:Normal;mso-line-height-alt:87.5%;">
        <span style="font-size:12px;">
         <i>
          Tools AI
         </i>
        </span>
       </h6>
      </td>
     </tr>
     <tr>
      <td align="center" class="dd" style="font-size:0px;line-height:0px;padding:20px 0px 20px;" valign="top">
       <table align="center" border="0" cellpadding="0" cellspacing="0" class="j" role="none" width="96%">
        <tr>
         <td>
         </td>
        </tr>
       </table>
      </td>
     </tr>
     <tr>
      <td align="left" class="dd" id="most-popular-from-last-issue" style="color:#000000;font-weight:700;padding:0px 10px;text-align:left;" valign="top">
       <h1 style="color:#000000;font-weight:700;mso-line-height-alt:175.0%;">
        <a class="link" href="https://terriblesoftware.org/2026/02/02/why-am-i-doing-the-thinking-for-you/?&amp;aid=recZr6iEnh1EkFxvw&amp;_bhlid=72eab47e7717210b1758fa128549f10ec14e4287" rel="noopener noreferrer nofollow" target="_blank">
         <span>
          Why Am I Doing The Thinking For You?
         </span>
        </a>
       </h1>
      </td>
     </tr>
     <tr>
      <td align="left" class="dd" style="padding:0px 10px;text-align:left;word-break:break-word;">
       <p style="mso-line-height-alt:150.0%;">
        — Matheus Lima
       </p>
      </td>
     </tr>
     <tr>
      <td align="left" class="dd" style="padding:0px 10px;text-align:left;word-break:break-word;">
       <p style="mso-line-height-alt:150.0%;">
       </p>
      </td>
     </tr>
     <tr>
      <td align="left" class="dd" style="padding:0px 10px;text-align:left;word-break:break-word;">
       <p style="mso-line-height-alt:150.0%;">
        <b>
         tl;dr
        </b>
        : “That sounds harsh, but it’s true. When you ask someone “what do you think?” without sharing what you think, you’re not collaborating, but more like outsourcing? You’re taking all the work you should have done (reading and understanding the doc, weighing the trade-offs, forming an opinion) and dumping it on someone else’s lap. It looks like a question, but it’s more like a task assignment.”
       </p>
      </td>
     </tr>
     <tr>
      <td align="right" class="dd" id="leadership-management" style="color:#000000;font-weight:Normal;padding:0px 10px;text-align:right;" valign="top">
       <h6 style="color:#000000;font-weight:Normal;mso-line-height-alt:87.5%;">
        <span style="font-size:12px;">
         <i>
          CareerAdvice
         </i>
        </span>
       </h6>
      </td>
     </tr>
     <tr>
      <td align="right" class="dd" style="padding:0px 10px;text-align:right;word-break:break-word;">
       <p style="mso-line-height-alt:150.0%;">
       </p>
      </td>
     </tr>
     <tr>
      <td align="center" class="dd" style="padding:30px 10px 30px 10px;" valign="top">
       <table align="center" border="0" cellpadding="0" cellspacing="0" class="d" role="none" style="background-color:#000000;border-color:#ffffff;border-radius:10px 10px 10px 10px;border-style:solid;border-width:0px 0px 0px 0px;" width="100%">
        <tr>
         <td align="center" class="dd" style="padding:20px 20px 20px 20px;" valign="top">
          <table align="center" border="0" cellpadding="0" cellspacing="0" role="none" width="100%">
           <tr>
            <td align="center" class="i" valign="top">
             <p style="color:#f3f4f6;font-weight:400;margin:0px;text-align:center;">
              <i>
               “Life shrinks or expands in proportion to one’s courage.”
              </i>
             </p>
            </td>
           </tr>
           <tr>
            <td height="14" style="line-height:1px;font-size:1px;height:14;">
            </td>
           </tr>
           <tr>
            <td align="center" class="h" style="color:#ffffff;font-family:'Space Grotesk',Helvetica,Arial,sans-serif;font-size:14px;font-weight:400;padding-bottom:12px;padding-top:12px;" valign="top">
             – Anais Nin
            </td>
           </tr>
          </table>
         </td>
        </tr>
       </table>
      </td>
     </tr>
     <tr>
      <td align="left" class="dd" style="padding:0px 10px;text-align:left;word-break:break-word;">
       <p style="mso-line-height-alt:150.0%;">
       </p>
      </td>
     </tr>
     <tr>
      <td align="left" class="dd" id="programming-aphorisms" style="color:#000000;font-weight:700;padding:0px 10px;text-align:left;" valign="top">
       <h1 style="color:#000000;font-weight:700;mso-line-height-alt:175.0%;">
        <a class="link" href="https://matklad.github.io/2026/02/11/programming-aphorisms.html?&amp;aid=recQXzDPKHg3Vuiju&amp;_bhlid=c7c4043c802ea207ef48e0a6d72f597b02b96747" rel="noopener noreferrer nofollow" target="_blank">
         <span>
          Programming Aphorisms
         </span>
        </a>
       </h1>
      </td>
     </tr>
     <tr>
      <td align="left" class="dd" style="padding:0px 10px;text-align:left;word-break:break-word;">
       <p style="mso-line-height-alt:150.0%;">
        — Alex Kladov
       </p>
      </td>
     </tr>
     <tr>
      <td align="left" class="dd" style="padding:0px 10px;text-align:left;word-break:break-word;">
       <p style="mso-line-height-alt:150.0%;">
       </p>
      </td>
     </tr>
     <tr>
      <td align="left" class="dd" style="padding:0px 10px;text-align:left;word-break:break-word;">
       <p style="mso-line-height-alt:150.0%;">
        <b>
         tl;dr
        </b>
        : “A meta programming post - looking at my thought process when coding and trying to pin down what is programming “knowledge”. Turns out, a significant fraction of that is just reducing new problems to a vocabulary of known tricks. This is a personal, descriptive post, not a prescriptive post for you.”
       </p>
      </td>
     </tr>
     <tr>
      <td align="right" class="dd" id="thought-piece" style="color:#000000;font-weight:Normal;padding:0px 10px;text-align:right;" valign="top">
       <h6 style="color:#000000;font-weight:Normal;mso-line-height-alt:87.5%;">
        <span style="font-size:12px;">
         <i>
          ThoughtPiece
         </i>
        </span>
       </h6>
      </td>
     </tr>
     <tr>
      <td align="center" class="dd" style="font-size:0px;line-height:0px;padding:20px 0px 20px;" valign="top">
       <table align="center" border="0" cellpadding="0" cellspacing="0" class="j" role="none" width="96%">
        <tr>
         <td>
         </td>
        </tr>
       </table>
      </td>
     </tr>
     <tr>
      <td align="left" class="dd" id="the-web-search-api-for-ai-apps-agen" style="color:#000000;font-weight:700;padding:0px 10px;text-align:left;" valign="top">
       <h1 style="color:#000000;font-weight:700;mso-line-height-alt:175.0%;">
        <a class="link" href="https://serpapi.com/blog/the-web-search-api-for-ai-applications/?utm_source=pointer?&amp;aid=rece6f2vDLUIRlXCv&amp;_bhlid=abb760a6c7f2963d7178e1ca0ff49a627315689e" rel="noopener noreferrer nofollow" target="_blank">
         <span>
          The Web Search API For AI Apps, Agents, And LLMs In 2026
         </span>
        </a>
       </h1>
      </td>
     </tr>
     <tr>
      <td align="left" class="dd" style="padding:0px 10px;text-align:left;word-break:break-word;">
       <p style="mso-line-height-alt:150.0%;">
        — Hilman Ramadhan
       </p>
      </td>
     </tr>
     <tr>
      <td align="left" class="dd" style="padding:0px 10px;text-align:left;word-break:break-word;">
       <p style="mso-line-height-alt:150.0%;">
       </p>
      </td>
     </tr>
     <tr>
      <td align="left" class="dd" style="padding:0px 10px;text-align:left;word-break:break-word;">
       <p style="mso-line-height-alt:150.0%;">
        <b>
         tl;dr
        </b>
        : Build AI apps without scraping headaches. Learn how a Web Search API extends model knowledge, delivers real-time data, and gives you full control and flexibility.
       </p>
      </td>
     </tr>
     <tr>
      <td align="left" class="dd" style="padding:0px 10px;text-align:left;word-break:break-word;">
       <p style="mso-line-height-alt:150.0%;">
        <i>
         Promoted by SerpApi
        </i>
       </p>
      </td>
     </tr>
     <tr>
      <td align="right" class="dd" id="search-api-ai" style="color:#000000;font-weight:Normal;padding:0px 10px;text-align:right;" valign="top">
       <h6 style="color:#000000;font-weight:Normal;mso-line-height-alt:87.5%;">
        <span style="font-size:12px;">
         <i>
          Search API AI
         </i>
        </span>
       </h6>
      </td>
     </tr>
     <tr>
      <td align="center" class="dd" style="font-size:0px;line-height:0px;padding:20px 0px 20px;" valign="top">
       <table align="center" border="0" cellpadding="0" cellspacing="0" class="j" role="none" width="96%">
        <tr>
         <td>
         </td>
        </tr>
       </table>
      </td>
     </tr>
     <tr>
      <td align="left" class="dd" id="how-to-make-architecture-decisions-" style="color:#000000;font-weight:700;padding:0px 10px;text-align:left;" valign="top">
       <h1 style="color:#000000;font-weight:700;mso-line-height-alt:175.0%;">
        <a class="link" href="https://lukasniessen.medium.com/how-to-make-architecture-decisions-rfcs-adrs-and-getting-everyone-aligned-ab82e5384d2f?&amp;aid=recHPA1INpLPpkgsp&amp;_bhlid=e3773013aea87be4570ba0867814cfc9b6947def" rel="noopener noreferrer nofollow" target="_blank">
         <span>
          How to Make Architecture Decisions: RFCs, ADRs, and Getting Everyone Aligned
         </span>
        </a>
       </h1>
      </td>
     </tr>
     <tr>
      <td align="left" class="dd" style="padding:0px 10px;text-align:left;word-break:break-word;">
       <p style="mso-line-height-alt:150.0%;">
        — Lukas Niessen
       </p>
      </td>
     </tr>
     <tr>
      <td align="left" class="dd" style="padding:0px 10px;text-align:left;word-break:break-word;">
       <p style="mso-line-height-alt:150.0%;">
       </p>
      </td>
     </tr>
     <tr>
      <td align="left" class="dd" style="padding:0px 10px;text-align:left;word-break:break-word;">
       <p style="mso-line-height-alt:150.0%;">
        <b>
         tl;dr
        </b>
        : “The thing is, architecture decisions are different from regular code decisions. They’re harder to reverse, they affect more people, and they often involve trade-offs that aren’t purely technical. You need buy-in. You need the right people in the room. And you need a process that doesn’t turn into endless meetings or bikeshedding. Here’s the approach I’ve found works well, both in my consulting work and in teams I’ve led.”
       </p>
      </td>
     </tr>
     <tr>
      <td align="right" class="dd" id="architecture" style="color:#000000;font-weight:Normal;padding:0px 10px;text-align:right;" valign="top">
       <h6 style="color:#000000;font-weight:Normal;mso-line-height-alt:87.5%;">
        <span style="font-size:12px;">
         <i>
          Architecture
         </i>
        </span>
       </h6>
      </td>
     </tr>
     <tr>
      <td align="center" class="dd" style="font-size:0px;line-height:0px;padding:20px 0px 20px;" valign="top">
       <table align="center" border="0" cellpadding="0" cellspacing="0" class="j" role="none" width="96%">
        <tr>
         <td>
         </td>
        </tr>
       </table>
      </td>
     </tr>
     <tr>
      <td align="left" class="dd" id="the-state-of-ai-in-2025-agents-inno" style="color:#000000;font-weight:700;padding:0px 10px;text-align:left;" valign="top">
       <h1 style="color:#000000;font-weight:700;mso-line-height-alt:175.0%;">
        <a class="link" href="https://martinalderson.com/posts/two-kinds-of-ai-users-are-emerging/?&amp;aid=recfWlfS5aHz4eSFd&amp;_bhlid=451ebb47c662b82cda0a2ffc7dbc28d9aba3e011" rel="noopener noreferrer nofollow" target="_blank">
         <span>
          Two Kinds Of AI Users Are Emerging. The Gap Between Them Is Astonishing.
         </span>
        </a>
       </h1>
      </td>
     </tr>
     <tr>
      <td align="left" class="dd" style="padding:0px 10px;text-align:left;word-break:break-word;">
       <p style="mso-line-height-alt:150.0%;">
        — Martin Alderson
       </p>
      </td>
     </tr>
     <tr>
      <td align="left" class="dd" style="padding:0px 10px;text-align:left;word-break:break-word;">
       <p style="mso-line-height-alt:150.0%;">
       </p>
      </td>
     </tr>
     <tr>
      <td align="left" class="dd" style="padding:0px 10px;text-align:left;word-break:break-word;">
       <p style="mso-line-height-alt:150.0%;">
        <b>
         tl;dr
        </b>
        : “It still shocks me how much difference there is between AI users. I think it explains a lot about the often confusing (to me) coverage in the media about AI and its productivity impact. I think it's clear there are two types of users to me now, and by extension, the organisations they work for.”
       </p>
      </td>
     </tr>
     <tr>
      <td align="right" class="dd" id="management-leadership-ai" style="color:#000000;font-weight:Normal;padding:0px 10px;text-align:right;" valign="top">
       <h6 style="color:#000000;font-weight:Normal;mso-line-height-alt:87.5%;">
        <span style="font-size:12px;">
         <i>
          Management Leadership AI
         </i>
        </span>
       </h6>
      </td>
     </tr>
     <tr>
      <td align="center" class="dd" style="font-size:0px;line-height:0px;padding:20px 0px 20px;" valign="top">
       <table align="center" border="0" cellpadding="0" cellspacing="0" class="j" role="none" width="96%">
        <tr>
         <td>
         </td>
        </tr>
       </table>
      </td>
     </tr>
     <tr>
      <td align="left" class="dd" id="using-an-engineering-notebook" style="color:#000000;font-weight:700;padding:0px 10px;text-align:left;" valign="top">
       <h1 style="color:#000000;font-weight:700;mso-line-height-alt:175.0%;">
        <a class="link" href="https://ntietz.com/blog/using-an-engineering-notebook/?&amp;aid=recuVzHf9454dpzAf&amp;_bhlid=925a709b7796ed07f4211b4ad3105c5b203152cc" rel="noopener noreferrer nofollow" target="_blank">
         <span>
          Using An Engineering Notebook
         </span>
        </a>
       </h1>
      </td>
     </tr>
     <tr>
      <td align="left" class="dd" style="padding:0px 10px;text-align:left;word-break:break-word;">
       <p style="mso-line-height-alt:150.0%;">
        — Nicole Tietz-Sokolskaya
       </p>
      </td>
     </tr>
     <tr>
      <td align="left" class="dd" style="padding:0px 10px;text-align:left;word-break:break-word;">
       <p style="mso-line-height-alt:150.0%;">
       </p>
      </td>
     </tr>
     <tr>
      <td align="left" class="dd" style="padding:0px 10px;text-align:left;word-break:break-word;">
       <p style="mso-line-height-alt:150.0%;">
        <b>
         tl;dr
        </b>
        : “One of my core software engineering practices is writing, by hand, in a physical notebook. It's one of the most important things I do to remain productive and effective. Maybe the single most important. And it's a practice that I see very few others using!”
       </p>
      </td>
     </tr>
     <tr>
      <td align="right" class="dd" id="ai" style="color:#000000;font-weight:Normal;padding:0px 10px;text-align:right;" valign="top">
       <h6 style="color:#000000;font-weight:Normal;mso-line-height-alt:87.5%;">
        <span style="font-size:12px;">
         <i>
          CareerAdvice
         </i>
        </span>
       </h6>
      </td>
     </tr>
     <tr>
      <td align="center" class="dd" style="font-size:0px;line-height:0px;padding:20px 0px 20px;" valign="top">
       <table align="center" border="0" cellpadding="0" cellspacing="0" class="j" role="none" width="96%">
        <tr>
         <td>
         </td>
        </tr>
       </table>
      </td>
     </tr>
     <tr>
      <td align="left" class="dd" id="null-pointer" style="color:#000000;font-weight:700;padding:0px 10px;text-align:left;" valign="top">
       <h2 style="color:#000000;font-weight:700;mso-line-height-alt:150.0%;">
        Null Pointer
       </h2>
      </td>
     </tr>
     <tr>
      <td align="center" class="dd" style="padding-bottom:10px;padding-left:10px;padding-right:10px;padding-top:10px; " valign="top">
       <table border="0" cellpadding="0" cellspacing="0" role="none" style="margin:0 auto 0 auto;">
        <tr>
         <td align="center" style="width:650px;" valign="top">
          <img alt="" border="0" height="auto" src="https://media.beehiiv.com/cdn-cgi/image/fit=scale-down,format=auto,onerror=redirect,quality=80/uploads/asset/file/92d5338d-8048-44c4-8b17-a61e7248dd5f/37_uber-legacy.png?t=1770919976" style="display:block;width:100%;" width="650"/>
         </td>
        </tr>
        <tr>
         <td align="center" class="t" style="width:650px; padding: 4px 0px 4px 0px;" valign="top">
          <p>
           Uber-legacy
          </p>
         </td>
        </tr>
       </table>
      </td>
     </tr>
     <tr>
      <td align="center" class="dd" style="padding:0px 10px;text-align:center;word-break:break-word;">
       <p style="mso-line-height-alt:150.0%;">
        <span style="font-size:0.8rem;">
         Hand-drawn by
        </span>
        <span style="font-size:0.8rem;">
         <a class="link" href="https://ma.nu/graphics/?_bhlid=f2d7550f60843e76ba01517ee5122a261dcde023" rel="noopener noreferrer nofollow" target="_blank">
          <span>
           Manu
          </span>
         </a>
        </span>
        <span style="font-size:0.8rem;">
         . Got an idea for a cartoon? Click reply and let us know
        </span>
       </p>
      </td>
     </tr>
     <tr>
      <td align="center" class="dd" style="font-size:0px;line-height:0px;padding:20px 0px 20px;" valign="top">
       <table align="center" border="0" cellpadding="0" cellspacing="0" class="j" role="none" width="96%">
        <tr>
         <td>
         </td>
        </tr>
       </table>
      </td>
     </tr>
     <tr>
      <td align="left" class="dd" id="most-popular-from-last-issue" style="color:#000000;font-weight:700;padding:0px 10px;text-align:left;" valign="top">
       <h2 style="color:#000000;font-weight:700;mso-line-height-alt:150.0%;">
        Most Popular From Last Issue
       </h2>
      </td>
     </tr>
     <tr>
      <td align="left" class="dd" style="padding:0px 10px;text-align:left;word-break:break-word;">
       <p style="mso-line-height-alt:150.0%;">
        <b>
         <a class="link" href="https://justoffbyone.com/posts/how-to-run-11s?&amp;aid=recQyHHDH5RYlCt9Z&amp;_bhlid=4a3d6fea99515495a2d8d3f11607e66421acfa6c" rel="noopener noreferrer nofollow" target="_blank">
          <span>
           Running 1:1s For Engineers
          </span>
         </a>
        </b>
        -
        <b>
        </b>
        Can Duruk
       </p>
      </td>
     </tr>
     <tr>
      <td align="center" class="dd" style="font-size:0px;line-height:0px;padding:20px 0px 20px;" valign="top">
       <table align="center" border="0" cellpadding="0" cellspacing="0" class="j" role="none" width="96%">
        <tr>
         <td>
         </td>
        </tr>
       </table>
      </td>
     </tr>
     <tr>
      <td align="left" class="dd" id="notable-links" style="color:#000000;font-weight:700;padding:0px 10px;text-align:left;" valign="top">
       <h2 style="color:#000000;font-weight:700;mso-line-height-alt:150.0%;">
        Notable Links
       </h2>
      </td>
     </tr>
     <tr>
      <td align="left" class="dd" style="padding:0px 10px;text-align:left;word-break:break-word;">
       <p style="mso-line-height-alt:150.0%;">
        <b>
         <a class="link" href="https://github.com/homarr-labs/homarr?&amp;aid=recuT8HJQQ5RBz9q8&amp;_bhlid=9ce9c4c0b2abb2ccadeab6a01e5daadb34828c9e" rel="noopener noreferrer nofollow" target="_blank">
          <span>
           Homarr
          </span>
         </a>
        </b>
        :
        <b>
        </b>
        Modern and easy to use dashboard.
       </p>
      </td>
     </tr>
     <tr>
      <td align="left" class="dd" style="padding:0px 10px;text-align:left;word-break:break-word;">
       <p style="mso-line-height-alt:150.0%;">
        <b>
         <a class="link" href="https://github.com/github/gh-aw?&amp;aid=recdANtoaXFd7LA1T&amp;_bhlid=d3f1c22b0bb2473b0d19c48cdfd2ae3f8cb15df8" rel="noopener noreferrer nofollow" target="_blank">
          <span>
           Gh-aw
          </span>
         </a>
        </b>
        :
        <b>
        </b>
        GitHub agentic workflows.
       </p>
      </td>
     </tr>
     <tr>
      <td align="left" class="dd" style="padding:0px 10px;text-align:left;word-break:break-word;">
       <p style="mso-line-height-alt:150.0%;">
        <b>
         <a class="link" href="https://github.com/google/langextract?&amp;aid=recXgjTEkRjVeqRui&amp;_bhlid=81fe8a76c638bcdc99dd8e8bf433b655140e5fd8" rel="noopener noreferrer nofollow" target="_blank">
          <span>
           LangExtract
          </span>
         </a>
        </b>
        :
        <b>
        </b>
        Structured information from unstructured text.
       </p>
      </td>
     </tr>
     <tr>
      <td align="left" class="dd" style="padding:0px 10px;text-align:left;word-break:break-word;">
       <p style="mso-line-height-alt:150.0%;">
        <b>
         <a class="link" href="https://github.com/tobi/qmd?&amp;aid=recTjmo4UiyBe33Dn&amp;_bhlid=6912507fcd751f71a666c2a14f0a0121f1e84c60" rel="noopener noreferrer nofollow" target="_blank">
          <span>
           QMD
          </span>
         </a>
        </b>
        :
        <b>
        </b>
        CLI search engine for your docs.
       </p>
      </td>
     </tr>
     <tr>
      <td align="left" class="dd" style="padding:0px 10px;text-align:left;word-break:break-word;">
       <p style="mso-line-height-alt:150.0%;">
        <b>
         <a class="link" href="https://github.com/swark-io/swark?&amp;aid=rec9fMAagMNdN1XVz&amp;_bhlid=c24f27529a733442397cab7089769701c910d7e4" rel="noopener noreferrer nofollow" target="_blank">
          <span>
           Swark
          </span>
         </a>
        </b>
        :
        <b>
        </b>
        Create architecture diagrams from code automatically using LLMs.
       </p>
      </td>
     </tr>
     <tr>
      <td align="center" class="dd" style="font-size:0px;line-height:0px;padding:20px 0px 20px;" valign="top">
       <table align="center" border="0" cellpadding="0" cellspacing="0" class="j" role="none" width="96%">
        <tr>
         <td>
         </td>
        </tr>
       </table>
      </td>
     </tr>
     <tr>
      <td style="padding:4px 10px">
       <br/>
      </td>
     </tr>
     <tr>
      <td align="center" class="e" valign="top">
       <table align="left" border="0" cellpadding="0" cellspacing="0" role="none">
        <tr>
         <td align="left" style="padding:10px 10px 10px;" valign="top">
          <h3 style="">
           How did you like this issue of Pointer?
          </h3>
          <p style="">
           1 = Didn't enjoy it all // 5 = Really enjoyed it
          </p>
         </td>
        </tr>
        <tr>
         <td align="left" style="padding:0px 10px 10px;" valign="top">
          <span>
           <a href="https://pointerio.beehiiv.com/polls/60180d23-3fbb-4689-974c-1db7f8617f77/response?pcid=168ea9f2-7130-4ae4-8f04-7bf1bd8780ea&amp;ppid=b8438e87-40c5-4839-b300-09d9b1a33f57&amp;sid=SUBSCRIBER_ID&amp;_bhlid=9bc793aebb4d0205249bfc7c698f130e94fe4f49">
            1
           </a>
          </span>
          <span style="">
           |
          </span>
          <span>
           <a href="https://pointerio.beehiiv.com/polls/60180d23-3fbb-4689-974c-1db7f8617f77/response?pcid=9e524ac8-f554-4474-b06d-a0a1b5f9e2d5&amp;ppid=b8438e87-40c5-4839-b300-09d9b1a33f57&amp;sid=SUBSCRIBER_ID&amp;_bhlid=19cb354b114a05029c8cff40df5ea489b93f1918">
            2
           </a>
          </span>
          <span style="">
           |
          </span>
          <span>
           <a href="https://pointerio.beehiiv.com/polls/60180d23-3fbb-4689-974c-1db7f8617f77/response?pcid=e3d1fc61-4c67-44ee-b815-e849def5a216&amp;ppid=b8438e87-40c5-4839-b300-09d9b1a33f57&amp;sid=SUBSCRIBER_ID&amp;_bhlid=ec4070a028cdc40d220c04e89279a35ee2c5c4ce">
            3
           </a>
          </span>
          <span style="">
           |
          </span>
          <span>
           <a href="https://pointerio.beehiiv.com/polls/60180d23-3fbb-4689-974c-1db7f8617f77/response?pcid=9afc13ca-b323-464e-a674-b992143cc258&amp;ppid=b8438e87-40c5-4839-b300-09d9b1a33f57&amp;sid=SUBSCRIBER_ID&amp;_bhlid=8caa249ed389a7a25615adb35619610a3f692a1d">
            4
           </a>
          </span>
          <span style="">
           |
          </span>
          <span>
           <a href="https://pointerio.beehiiv.com/polls/60180d23-3fbb-4689-974c-1db7f8617f77/response?pcid=36e7f97a-3a9e-4b58-95ab-b72e85cd83c3&amp;ppid=b8438e87-40c5-4839-b300-09d9b1a33f57&amp;sid=SUBSCRIBER_ID&amp;_bhlid=ef24eb7574d1e4927cc1db202329efac51b95b19">
            5
           </a>
          </span>
         </td>
        </tr>
       </table>
      </td>
     </tr>
     <tr>
      <td style="padding:4px 10px">
       <br/>
       <br/>
      </td>
     </tr>
    </table>
   </td>
  </tr>
  
  '''
# ---
